
=== Build started at Sun Jun 14 02:37:37 PM UTC 2026 ===
Java: openjdk version "17.0.19" 2026-04-21
Sentry: bright-software/talking-mirror
To honour the JVM settings for this build a single-use Daemon process will be forked. For more on this, please refer to https://docs.gradle.org/9.3.1/userguide/gradle_daemon.html#sec:disabling_the_daemon in the Gradle documentation.
Daemon will be stopped at the end of the build 
> Task :gradle-plugin:settings-plugin:checkKotlinGradlePluginConfigurationErrors SKIPPED
> Task :expo-gradle-plugin:expo-autolinking-plugin-shared:checkKotlinGradlePluginConfigurationErrors SKIPPED
> Task :gradle-plugin:shared:checkKotlinGradlePluginConfigurationErrors SKIPPED
> Task :expo-gradle-plugin:expo-autolinking-plugin-shared:compileKotlin UP-TO-DATE
> Task :expo-gradle-plugin:expo-autolinking-plugin-shared:compileJava NO-SOURCE
> Task :expo-gradle-plugin:expo-autolinking-plugin-shared:processResources NO-SOURCE
> Task :expo-gradle-plugin:expo-autolinking-plugin-shared:classes UP-TO-DATE
> Task :expo-gradle-plugin:expo-autolinking-plugin-shared:jar UP-TO-DATE
> Task :expo-gradle-plugin:expo-autolinking-settings-plugin:checkKotlinGradlePluginConfigurationErrors SKIPPED
> Task :gradle-plugin:shared:compileKotlin UP-TO-DATE
> Task :gradle-plugin:shared:compileJava NO-SOURCE
> Task :gradle-plugin:shared:processResources NO-SOURCE
> Task :gradle-plugin:shared:classes UP-TO-DATE
> Task :gradle-plugin:shared:jar UP-TO-DATE
> Task :gradle-plugin:settings-plugin:compileKotlin UP-TO-DATE
> Task :gradle-plugin:settings-plugin:compileJava NO-SOURCE
> Task :gradle-plugin:settings-plugin:pluginDescriptors UP-TO-DATE
> Task :gradle-plugin:settings-plugin:processResources UP-TO-DATE
> Task :gradle-plugin:settings-plugin:classes UP-TO-DATE
> Task :gradle-plugin:settings-plugin:jar UP-TO-DATE
> Task :expo-gradle-plugin:expo-autolinking-settings-plugin:compileKotlin UP-TO-DATE
> Task :expo-gradle-plugin:expo-autolinking-settings-plugin:compileJava NO-SOURCE
> Task :expo-gradle-plugin:expo-autolinking-settings-plugin:pluginDescriptors UP-TO-DATE
> Task :expo-gradle-plugin:expo-autolinking-settings-plugin:processResources UP-TO-DATE
> Task :expo-gradle-plugin:expo-autolinking-settings-plugin:classes UP-TO-DATE
> Task :expo-gradle-plugin:expo-autolinking-settings-plugin:jar UP-TO-DATE
> Task :expo-dev-launcher-gradle-plugin:checkKotlinGradlePluginConfigurationErrors SKIPPED
> Task :expo-gradle-plugin:expo-autolinking-plugin:checkKotlinGradlePluginConfigurationErrors SKIPPED
> Task :expo-dev-launcher-gradle-plugin:pluginDescriptors UP-TO-DATE
> Task :expo-dev-launcher-gradle-plugin:processResources UP-TO-DATE
> Task :expo-module-gradle-plugin:checkKotlinGradlePluginConfigurationErrors SKIPPED
> Task :expo-module-gradle-plugin:pluginDescriptors UP-TO-DATE
> Task :expo-module-gradle-plugin:processResources UP-TO-DATE
> Task :gradle-plugin:react-native-gradle-plugin:checkKotlinGradlePluginConfigurationErrors SKIPPED
> Task :expo-gradle-plugin:expo-autolinking-plugin:compileKotlin UP-TO-DATE
> Task :expo-gradle-plugin:expo-autolinking-plugin:compileJava NO-SOURCE
> Task :expo-gradle-plugin:expo-autolinking-plugin:pluginDescriptors UP-TO-DATE
> Task :expo-gradle-plugin:expo-autolinking-plugin:processResources UP-TO-DATE
> Task :expo-gradle-plugin:expo-autolinking-plugin:classes UP-TO-DATE
> Task :expo-gradle-plugin:expo-autolinking-plugin:jar UP-TO-DATE
> Task :expo-gradle-plugin:expo-max-sdk-override-plugin:checkKotlinGradlePluginConfigurationErrors SKIPPED
> Task :expo-gradle-plugin:expo-max-sdk-override-plugin:compileKotlin UP-TO-DATE
> Task :expo-gradle-plugin:expo-max-sdk-override-plugin:compileJava NO-SOURCE
> Task :expo-gradle-plugin:expo-max-sdk-override-plugin:pluginDescriptors UP-TO-DATE
> Task :expo-gradle-plugin:expo-max-sdk-override-plugin:processResources UP-TO-DATE
> Task :expo-gradle-plugin:expo-max-sdk-override-plugin:classes UP-TO-DATE
> Task :expo-gradle-plugin:expo-max-sdk-override-plugin:jar UP-TO-DATE
> Task :gradle-plugin:react-native-gradle-plugin:compileKotlin UP-TO-DATE
> Task :gradle-plugin:react-native-gradle-plugin:compileJava NO-SOURCE
> Task :gradle-plugin:react-native-gradle-plugin:pluginDescriptors UP-TO-DATE
> Task :gradle-plugin:react-native-gradle-plugin:processResources UP-TO-DATE
> Task :gradle-plugin:react-native-gradle-plugin:classes UP-TO-DATE
> Task :gradle-plugin:react-native-gradle-plugin:jar UP-TO-DATE
> Task :expo-module-gradle-plugin:compileKotlin UP-TO-DATE
> Task :expo-dev-launcher-gradle-plugin:compileKotlin UP-TO-DATE
> Task :expo-module-gradle-plugin:compileJava NO-SOURCE
> Task :expo-module-gradle-plugin:classes UP-TO-DATE
> Task :expo-dev-launcher-gradle-plugin:compileJava NO-SOURCE
> Task :expo-dev-launcher-gradle-plugin:classes UP-TO-DATE
> Task :expo-dev-launcher-gradle-plugin:jar UP-TO-DATE
> Task :expo-module-gradle-plugin:jar UP-TO-DATE

> Configure project :
[32m[ExpoRootProject][0m Using the following versions:
  - buildTools:  [32m36.0.0[0m
  - minSdk:      [32m24[0m
  - compileSdk:  [32m36[0m
  - targetSdk:   [32m36[0m
  - ndk:         [32m27.1.12297006[0m
  - kotlin:      [32m2.1.20[0m
  - ksp:         [32m2.1.20-2.0.1[0m

> Configure project :app
 ℹ️  [33mApplying gradle plugin[0m '[32mexpo-max-sdk-override-plugin[0m'
  [expo-max-sdk-override-plugin] This plugin will find all permissions declared with `android:maxSdkVersion`. If there exists a declaration with the `android:maxSdkVersion` annotation and another one without, the plugin will remove the annotation from the final merged manifest. In order to see a log with the changes run a clean build of the app.
 ℹ️  [33mApplying gradle plugin[0m '[32mexpo-dev-launcher-gradle-plugin[0m'

> Configure project :expo

Using expo modules
  - [32mexpo-log-box[0m (56.0.13)
  - [32msentry-react-native-expo[0m (unspecified)
  - [32mexpo-constants[0m (56.0.18)
  - [32mexpo-dev-client[0m (56.0.18)
  - [32mexpo-dev-launcher[0m (56.0.18)
  - [32mexpo-dev-menu[0m (56.0.16)
  - [32mexpo-dev-menu-interface[0m (56.0.1)
  - [32mexpo-json-utils[0m (56.0.0)
  - [32mexpo-manifests[0m (56.0.4)

> Configure project :expo-modules-core
Linking react-native-worklets native libs into expo-modules-core build tasks
task ':react-native-worklets:mergeDebugNativeLibs'
task ':react-native-worklets:mergeReleaseNativeLibs'

> Configure project :expo
  - [32mexpo-modules-core[0m (56.0.16)
  - [32mexpo-updates-interface[0m (56.0.2)
  - [33m[📦][0m [32mexpo-dom-webview[0m (56.0.5)
  - [33m[📦][0m [32mexpo-ui[0m (56.0.15)
  - [33m[📦][0m [32mexpo-application[0m (56.0.3)
  - [33m[📦][0m [32mexpo-asset[0m (56.0.17)
  - [33m[📦][0m [32mexpo-av[0m (16.0.8)
  - [33m[📦][0m [32mexpo-blur[0m (56.0.3)
  - [33m[📦][0m [32mexpo-camera[0m (56.0.7)
  - [33m[📦][0m [32mexpo-crypto[0m (56.0.4)
  - [33m[📦][0m [32mexpo-file-system[0m (56.0.8)
  - [33m[📦][0m [32mexpo-font[0m (56.0.6)
  - [33m[📦][0m [32mexpo-haptics[0m (56.0.3)
  - [33m[📦][0m [32mexpo-image-loader[0m (56.0.3)
  - [33m[📦][0m [32mexpo-image-picker[0m (56.0.15)
  - [33m[📦][0m [32mexpo-keep-awake[0m (56.0.3)
  - [33m[📦][0m [32mexpo-linking[0m (56.0.13)
  - [33m[📦][0m [32mexpo-notifications[0m (56.0.15)
  - [33m[📦][0m [32mexpo-router[0m (56.2.8)
  - [33m[📦][0m [32mexpo-splash-screen[0m (56.0.10)
  - [33m[📦][0m [32mexpo-status-bar[0m (56.0.4)
  - [33m[📦][0m [32mexpo-web-browser[0m (56.0.5)


> Configure project :react-native-nitro-image
[NitroModules] 🔥 NitroImage is boosted by nitro!

> Configure project :react-native-nitro-modules
[NitroModules] 🔥 Your app is boosted by nitro modules!

> Configure project :react-native-vision-camera
[NitroModules] 🔥 VisionCamera is boosted by nitro!

> Configure project :shopify_react-native-skia
react-native-skia: SK_GRAPHITE: false
react-native-skia: Skia libs: /home/mikhail/.openclaw/workspace/TalkingMirror/node_modules/@shopify/react-native-skia/android/../libs/android
react-native-skia: node_modules/ found at: /home/mikhail/.openclaw/workspace/TalkingMirror/node_modules
react-native-skia: RN Version: 85 / 0.85.3
react-native-skia: isSourceBuild: false
react-native-skia: PrebuiltDir: /home/mikhail/.openclaw/workspace/TalkingMirror/node_modules/@shopify/react-native-skia/android/build/react-native-0*/jni
react-native-skia: buildType: release
react-native-skia: buildDir: /home/mikhail/.openclaw/workspace/TalkingMirror/node_modules/@shopify/react-native-skia/android/build
react-native-skia: node_modules: /home/mikhail/.openclaw/workspace/TalkingMirror/node_modules
react-native-skia: Enable Prefab: true
react-native-skia: aar state post 70, do nothing

> Task :app:copySentryJsonConfiguration
sentry.options.json not found in app root (/home/mikhail/.openclaw/workspace/TalkingMirror/apps/android)

> Task :app:generateAutolinkingNewArchitectureFiles
> Task :app:generateAutolinkingPackageList
> Task :app:generateCodegenSchemaFromJavaScript SKIPPED
> Task :app:generateCodegenArtifactsFromSchema SKIPPED
> Task :app:generateReactNativeEntryPoint
> Task :expo:generatePackagesList
> Task :expo:preBuild

> Task :expo-constants:createExpoConfig
The NODE_ENV environment variable is required but was not specified. Ensure the project is bundled with Expo CLI or NODE_ENV is set. Using only .env.local and .env
[33m› [1m[@sentry/react-native/expo][22m Missing config for [1morganization, project[22m. Environment variables will be used as a fallback during the build. https://docs.sentry.io/platforms/react-native/manual-setup/[0m

> Task :expo-constants:preBuild
> Task :expo-dev-client:preBuild UP-TO-DATE
> Task :expo-dev-launcher:preBuild UP-TO-DATE
> Task :expo-dev-menu:preBuild UP-TO-DATE
> Task :expo-dev-menu-interface:preBuild UP-TO-DATE
> Task :expo-json-utils:preBuild UP-TO-DATE
> Task :expo-log-box:preBuild UP-TO-DATE
> Task :expo-manifests:preBuild UP-TO-DATE
> Task :expo-modules-core:preBuild UP-TO-DATE
> Task :expo-updates-interface:preBuild UP-TO-DATE
> Task :react-native-async-storage_async-storage:generateCodegenSchemaFromJavaScript
> Task :react-native-async-storage_async-storage:generateCodegenArtifactsFromSchema
> Task :react-native-async-storage_async-storage:preBuild
> Task :react-native-community_slider:generateCodegenSchemaFromJavaScript
> Task :react-native-community_slider:generateCodegenArtifactsFromSchema
> Task :react-native-community_slider:preBuild
> Task :react-native-gesture-handler:generateCodegenSchemaFromJavaScript
> Task :react-native-gesture-handler:generateCodegenArtifactsFromSchema
> Task :react-native-gesture-handler:preBuild
> Task :react-native-masked-view_masked-view:preBuild UP-TO-DATE

> Task :react-native-nitro-image:generateCodegenSchemaFromJavaScript
No modules to process in combine-js-to-schema-cli. If this is unexpected, please check if you set up your NativeComponent correctly. See combine-js-to-schema.js for how codegen finds modules.

> Task :react-native-nitro-image:generateCodegenArtifactsFromSchema
> Task :react-native-nitro-image:prepareHeaders
> Task :react-native-nitro-image:preBuild
> Task :react-native-nitro-modules:generateCodegenSchemaFromJavaScript
> Task :react-native-nitro-modules:generateCodegenArtifactsFromSchema
> Task :react-native-nitro-modules:prepareHeaders
> Task :react-native-nitro-modules:preBuild
> Task :react-native-purchases:preBuild UP-TO-DATE
> Task :react-native-reanimated:assertMinimalReactNativeVersionTask
> Task :react-native-reanimated:assertNewArchitectureEnabledTask SKIPPED
> Task :react-native-reanimated:assertWorkletsVersionTask
> Task :react-native-reanimated:generateCodegenSchemaFromJavaScript
> Task :react-native-reanimated:generateCodegenArtifactsFromSchema
> Task :react-native-reanimated:prepareReanimatedHeadersForPrefabs
> Task :react-native-reanimated:preBuild
> Task :react-native-safe-area-context:generateCodegenSchemaFromJavaScript
> Task :react-native-safe-area-context:generateCodegenArtifactsFromSchema
> Task :react-native-safe-area-context:preBuild
> Task :react-native-screens:generateCodegenSchemaFromJavaScript
> Task :react-native-screens:generateCodegenArtifactsFromSchema
> Task :react-native-screens:preBuild

> Task :react-native-vision-camera:generateCodegenSchemaFromJavaScript
No modules to process in combine-js-to-schema-cli. If this is unexpected, please check if you set up your NativeComponent correctly. See combine-js-to-schema.js for how codegen finds modules.

> Task :react-native-vision-camera:generateCodegenArtifactsFromSchema
> Task :react-native-vision-camera:prepareHeaders
> Task :react-native-vision-camera:preBuild
> Task :react-native-worklets:assertMinimalReactNativeVersionTask
> Task :react-native-worklets:assertNewArchitectureEnabledTask SKIPPED
> Task :react-native-worklets:generateCodegenSchemaFromJavaScript
> Task :react-native-worklets:generateCodegenArtifactsFromSchema
> Task :react-native-worklets:prepareWorkletsHeadersForPrefabs
> Task :react-native-worklets:preBuild
> Task :react-native-worklets-core:generateCodegenSchemaFromJavaScript
> Task :react-native-worklets-core:generateCodegenArtifactsFromSchema
> Task :react-native-worklets-core:prepareHeaders
> Task :react-native-worklets-core:preBuild
> Task :sentry-react-native-expo:preBuild UP-TO-DATE
> Task :sentry_react-native:generateCodegenSchemaFromJavaScript
> Task :sentry_react-native:generateCodegenArtifactsFromSchema
> Task :sentry_react-native:preBuild
> Task :shopify_react-native-skia:generateCodegenSchemaFromJavaScript
> Task :shopify_react-native-skia:generateCodegenArtifactsFromSchema
> Task :shopify_react-native-skia:prepareHeaders
> Task :shopify_react-native-skia:preBuild
> Task :app:preBuild
> Task :app:preReleaseBuild
> Task :react-native-nitro-image:preReleaseBuild
> Task :react-native-nitro-modules:preReleaseBuild
> Task :react-native-nitro-modules:configureCMakeRelWithDebInfo[arm64-v8a]
> Task :react-native-nitro-modules:buildCMakeRelWithDebInfo[arm64-v8a]
> Task :react-native-nitro-modules:configureCMakeRelWithDebInfo[armeabi-v7a]
> Task :react-native-nitro-modules:buildCMakeRelWithDebInfo[armeabi-v7a]
> Task :react-native-nitro-modules:externalNativeBuildRelease
> Task :react-native-nitro-modules:generateJsonModelRelease
> Task :react-native-nitro-modules:prefabReleaseConfigurePackage
> Task :react-native-nitro-image:configureCMakeRelWithDebInfo[arm64-v8a]
> Task :react-native-nitro-modules:prefabReleasePackage
> Task :react-native-nitro-image:buildCMakeRelWithDebInfo[arm64-v8a]
C/C++: ninja: Entering directory `/home/mikhail/.openclaw/workspace/TalkingMirror/node_modules/react-native-nitro-image/android/.cxx/RelWithDebInfo/4cis1m6n/arm64-v8a'
C/C++: /home/mikhail/.openclaw/workspace/TalkingMirror/node_modules/react-native-nitro-image/nitrogen/generated/shared/c++/views/HybridNitroImageViewComponent.cpp:82:35: warning: 'RawPropsParser' is deprecated [-Wdeprecated-declarations]
C/C++:    82 |                                   react::RawPropsParser(/* enableJsiParser */ true)) {}
C/C++:       |                                   ^
C/C++: /home/mikhail/.gradle/caches/9.3.1/transforms/e7be6bf20879359ba2c9c755f794fd38/transformed/react-android-0.85.3-release/prefab/modules/reactnative/include/react/renderer/core/RawPropsParser.h:31:5: note: 'RawPropsParser' has been explicitly marked deprecated here
C/C++:    31 |   [[deprecated]] explicit RawPropsParser(bool /* ignored */) : RawPropsParser() {}
C/C++:       |     ^
C/C++: 1 warning generated.

> Task :react-native-nitro-image:configureCMakeRelWithDebInfo[armeabi-v7a]

> Task :react-native-nitro-image:buildCMakeRelWithDebInfo[armeabi-v7a]
C/C++: ninja: Entering directory `/home/mikhail/.openclaw/workspace/TalkingMirror/node_modules/react-native-nitro-image/android/.cxx/RelWithDebInfo/4cis1m6n/armeabi-v7a'
C/C++: /home/mikhail/.openclaw/workspace/TalkingMirror/node_modules/react-native-nitro-image/nitrogen/generated/shared/c++/views/HybridNitroImageViewComponent.cpp:82:35: warning: 'RawPropsParser' is deprecated [-Wdeprecated-declarations]
C/C++:    82 |                                   react::RawPropsParser(/* enableJsiParser */ true)) {}
C/C++:       |                                   ^
C/C++: /home/mikhail/.gradle/caches/9.3.1/transforms/e7be6bf20879359ba2c9c755f794fd38/transformed/react-android-0.85.3-release/prefab/modules/reactnative/include/react/renderer/core/RawPropsParser.h:31:5: note: 'RawPropsParser' has been explicitly marked deprecated here
C/C++:    31 |   [[deprecated]] explicit RawPropsParser(bool /* ignored */) : RawPropsParser() {}
C/C++:       |     ^
C/C++: 1 warning generated.

> Task :react-native-nitro-modules:mergeReleaseJniLibFolders
> Task :react-native-nitro-image:generateJsonModelRelease
> Task :react-native-reanimated:preReleaseBuild
> Task :react-native-worklets:preReleaseBuild
> Task :react-native-nitro-modules:mergeReleaseNativeLibs
> Task :react-native-worklets:configureCMakeRelWithDebInfo[arm64-v8a]
> Task :react-native-nitro-modules:copyReleaseJniLibsProjectOnly
> Task :react-native-worklets:buildCMakeRelWithDebInfo[arm64-v8a][worklets]
> Task :react-native-nitro-image:externalNativeBuildRelease
> Task :react-native-nitro-image:prefabReleaseConfigurePackage
> Task :react-native-worklets:configureCMakeRelWithDebInfo[armeabi-v7a]
> Task :react-native-worklets:buildCMakeRelWithDebInfo[armeabi-v7a][worklets]
> Task :react-native-worklets:externalNativeBuildRelease
> Task :react-native-worklets:generateJsonModelRelease
> Task :react-native-worklets:prefabReleaseConfigurePackage
> Task :react-native-reanimated:configureCMakeRelWithDebInfo[arm64-v8a]
> Task :react-native-reanimated:configureCMakeRelWithDebInfo[armeabi-v7a]
> Task :react-native-reanimated:generateJsonModelRelease
> Task :react-native-reanimated:prefabReleaseConfigurePackage
> Task :react-native-nitro-image:mergeReleaseJniLibFolders
> Task :react-native-nitro-image:prefabReleasePackage
> Task :react-native-vision-camera:preReleaseBuild
> Task :react-native-nitro-image:mergeReleaseNativeLibs
> Task :react-native-vision-camera:configureCMakeRelWithDebInfo[arm64-v8a]
> Task :react-native-nitro-image:copyReleaseJniLibsProjectOnly

> Task :react-native-vision-camera:buildCMakeRelWithDebInfo[arm64-v8a]
C/C++: ninja: Entering directory `/home/mikhail/.openclaw/workspace/TalkingMirror/node_modules/react-native-vision-camera/android/.cxx/RelWithDebInfo/3r5w3c26/arm64-v8a'
C/C++: /home/mikhail/.openclaw/workspace/TalkingMirror/node_modules/react-native-vision-camera/android/src/main/cpp/NativeBufferHelper.cpp:14:110: warning: unused parameter 'hardwareBufferBoxed' [-Wunused-parameter]
C/C++:    14 | jlong NativeBufferHelper::getHardwareBufferPointer(jni::alias_ref<jni::JClass>, jni::alias_ref<jni::JObject> hardwareBufferBoxed) {
C/C++:       |                                                                                                              ^
C/C++: /home/mikhail/.openclaw/workspace/TalkingMirror/node_modules/react-native-vision-camera/android/src/main/cpp/NativeBufferHelper.cpp:25:90: warning: unused parameter 'hardwareBufferPointer' [-Wunused-parameter]
C/C++:    25 | void NativeBufferHelper::releaseHardwareBufferPointer(jni::alias_ref<jni::JClass>, jlong hardwareBufferPointer) {
C/C++:       |                                                                                          ^
C/C++: 2 warnings generated.
C/C++: /home/mikhail/.openclaw/workspace/TalkingMirror/node_modules/react-native-vision-camera/nitrogen/generated/shared/c++/HybridTapToFocusGestureControllerSpec.cpp:17:41: warning: unused parameter 'prototype' [-Wunused-parameter]
C/C++:    17 |     registerHybrids(this, [](Prototype& prototype) {
C/C++:       |                                         ^
C/C++: 1 warning generated.
C/C++: /home/mikhail/.openclaw/workspace/TalkingMirror/node_modules/react-native-vision-camera/nitrogen/generated/shared/c++/HybridZoomGestureControllerSpec.cpp:17:41: warning: unused parameter 'prototype' [-Wunused-parameter]
C/C++:    17 |     registerHybrids(this, [](Prototype& prototype) {
C/C++:       |                                         ^
C/C++: 1 warning generated.
C/C++: /home/mikhail/.openclaw/workspace/TalkingMirror/node_modules/react-native-vision-camera/nitrogen/generated/shared/c++/HybridCameraPreviewOutputSpec.cpp:17:41: warning: unused parameter 'prototype' [-Wunused-parameter]
C/C++:    17 |     registerHybrids(this, [](Prototype& prototype) {
C/C++:       |                                         ^
C/C++: 1 warning generated.
C/C++: /home/mikhail/.openclaw/workspace/TalkingMirror/node_modules/react-native-vision-camera/nitrogen/generated/shared/c++/views/HybridFrameRendererViewComponent.cpp:60:35: warning: 'RawPropsParser' is deprecated [-Wdeprecated-declarations]
C/C++:    60 |                                   react::RawPropsParser(/* enableJsiParser */ true)) {}
C/C++:       |                                   ^
C/C++: /home/mikhail/.gradle/caches/9.3.1/transforms/e7be6bf20879359ba2c9c755f794fd38/transformed/react-android-0.85.3-release/prefab/modules/reactnative/include/react/renderer/core/RawPropsParser.h:31:5: note: 'RawPropsParser' has been explicitly marked deprecated here
C/C++:    31 |   [[deprecated]] explicit RawPropsParser(bool /* ignored */) : RawPropsParser() {}
C/C++:       |     ^
C/C++: 1 warning generated.
C/C++: /home/mikhail/.openclaw/workspace/TalkingMirror/node_modules/react-native-vision-camera/nitrogen/generated/shared/c++/views/HybridPreviewViewComponent.cpp:115:35: warning: 'RawPropsParser' is deprecated [-Wdeprecated-declarations]
C/C++:   115 |                                   react::RawPropsParser(/* enableJsiParser */ true)) {}
C/C++:       |                                   ^
C/C++: /home/mikhail/.gradle/caches/9.3.1/transforms/e7be6bf20879359ba2c9c755f794fd38/transformed/react-android-0.85.3-release/prefab/modules/reactnative/include/react/renderer/core/RawPropsParser.h:31:5: note: 'RawPropsParser' has been explicitly marked deprecated here
C/C++:    31 |   [[deprecated]] explicit RawPropsParser(bool /* ignored */) : RawPropsParser() {}
C/C++:       |     ^
C/C++: 1 warning generated.

> Task :react-native-vision-camera:configureCMakeRelWithDebInfo[armeabi-v7a]

> Task :react-native-vision-camera:buildCMakeRelWithDebInfo[armeabi-v7a]
C/C++: ninja: Entering directory `/home/mikhail/.openclaw/workspace/TalkingMirror/node_modules/react-native-vision-camera/android/.cxx/RelWithDebInfo/3r5w3c26/armeabi-v7a'
C/C++: /home/mikhail/.openclaw/workspace/TalkingMirror/node_modules/react-native-vision-camera/android/src/main/cpp/NativeBufferHelper.cpp:14:110: warning: unused parameter 'hardwareBufferBoxed' [-Wunused-parameter]
C/C++:    14 | jlong NativeBufferHelper::getHardwareBufferPointer(jni::alias_ref<jni::JClass>, jni::alias_ref<jni::JObject> hardwareBufferBoxed) {
C/C++:       |                                                                                                              ^
C/C++: /home/mikhail/.openclaw/workspace/TalkingMirror/node_modules/react-native-vision-camera/android/src/main/cpp/NativeBufferHelper.cpp:25:90: warning: unused parameter 'hardwareBufferPointer' [-Wunused-parameter]
C/C++:    25 | void NativeBufferHelper::releaseHardwareBufferPointer(jni::alias_ref<jni::JClass>, jlong hardwareBufferPointer) {
C/C++:       |                                                                                          ^
C/C++: 2 warnings generated.
C/C++: /home/mikhail/.openclaw/workspace/TalkingMirror/node_modules/react-native-vision-camera/nitrogen/generated/shared/c++/HybridTapToFocusGestureControllerSpec.cpp:17:41: warning: unused parameter 'prototype' [-Wunused-parameter]
C/C++:    17 |     registerHybrids(this, [](Prototype& prototype) {
C/C++:       |                                         ^
C/C++: 1 warning generated.
C/C++: /home/mikhail/.openclaw/workspace/TalkingMirror/node_modules/react-native-vision-camera/nitrogen/generated/shared/c++/HybridZoomGestureControllerSpec.cpp:17:41: warning: unused parameter 'prototype' [-Wunused-parameter]
C/C++:    17 |     registerHybrids(this, [](Prototype& prototype) {
C/C++:       |                                         ^
C/C++: 1 warning generated.
C/C++: /home/mikhail/.openclaw/workspace/TalkingMirror/node_modules/react-native-vision-camera/nitrogen/generated/shared/c++/HybridCameraPreviewOutputSpec.cpp:17:41: warning: unused parameter 'prototype' [-Wunused-parameter]
C/C++:    17 |     registerHybrids(this, [](Prototype& prototype) {
C/C++:       |                                         ^
C/C++: 1 warning generated.
C/C++: /home/mikhail/.openclaw/workspace/TalkingMirror/node_modules/react-native-vision-camera/nitrogen/generated/shared/c++/views/HybridFrameRendererViewComponent.cpp:60:35: warning: 'RawPropsParser' is deprecated [-Wdeprecated-declarations]
C/C++:    60 |                                   react::RawPropsParser(/* enableJsiParser */ true)) {}
C/C++:       |                                   ^
C/C++: /home/mikhail/.gradle/caches/9.3.1/transforms/e7be6bf20879359ba2c9c755f794fd38/transformed/react-android-0.85.3-release/prefab/modules/reactnative/include/react/renderer/core/RawPropsParser.h:31:5: note: 'RawPropsParser' has been explicitly marked deprecated here
C/C++:    31 |   [[deprecated]] explicit RawPropsParser(bool /* ignored */) : RawPropsParser() {}
C/C++:       |     ^
C/C++: 1 warning generated.
C/C++: /home/mikhail/.openclaw/workspace/TalkingMirror/node_modules/react-native-vision-camera/nitrogen/generated/shared/c++/views/HybridPreviewViewComponent.cpp:115:35: warning: 'RawPropsParser' is deprecated [-Wdeprecated-declarations]
C/C++:   115 |                                   react::RawPropsParser(/* enableJsiParser */ true)) {}
C/C++:       |                                   ^
C/C++: /home/mikhail/.gradle/caches/9.3.1/transforms/e7be6bf20879359ba2c9c755f794fd38/transformed/react-android-0.85.3-release/prefab/modules/reactnative/include/react/renderer/core/RawPropsParser.h:31:5: note: 'RawPropsParser' has been explicitly marked deprecated here
C/C++:    31 |   [[deprecated]] explicit RawPropsParser(bool /* ignored */) : RawPropsParser() {}
C/C++:       |     ^
C/C++: 1 warning generated.

> Task :react-native-vision-camera:externalNativeBuildRelease
> Task :react-native-vision-camera:generateJsonModelRelease
> Task :react-native-vision-camera:prefabReleaseConfigurePackage
> Task :react-native-worklets-core:preReleaseBuild
> Task :react-native-worklets-core:configureCMakeRelWithDebInfo[arm64-v8a]

> Task :react-native-worklets-core:buildCMakeRelWithDebInfo[arm64-v8a]
C/C++: ninja: Entering directory `/home/mikhail/.openclaw/workspace/TalkingMirror/node_modules/react-native-worklets-core/android/.cxx/RelWithDebInfo/5l105n5q/arm64-v8a'
C/C++: In file included from /home/mikhail/.openclaw/workspace/TalkingMirror/node_modules/react-native-worklets-core/cpp/WKTJsiWorkletApi.cpp:1:
C/C++: In file included from /home/mikhail/.openclaw/workspace/TalkingMirror/node_modules/react-native-worklets-core/cpp/WKTJsiWorkletApi.h:14:
C/C++: In file included from /home/mikhail/.openclaw/workspace/TalkingMirror/node_modules/react-native-worklets-core/android/../cpp/sharedvalues/WKTJsiSharedValue.h:8:
C/C++: /home/mikhail/.openclaw/workspace/TalkingMirror/node_modules/react-native-worklets-core/android/../cpp/WKTJsiDispatcher.h:97:22: warning: exception of type 'const std::runtime_error &' will be caught by earlier handler [-Wexceptions]
C/C++:    97 |       } catch (const std::runtime_error &err) {
C/C++:       |                      ^
C/C++: /home/mikhail/.openclaw/workspace/TalkingMirror/node_modules/react-native-worklets-core/android/../cpp/WKTJsiDispatcher.h:94:22: note: for type 'const std::exception &'
C/C++:    94 |       } catch (const std::exception &err) {
C/C++:       |                      ^
C/C++: 1 warning generated.
C/C++: In file included from /home/mikhail/.openclaw/workspace/TalkingMirror/node_modules/react-native-worklets-core/android/cpp-adapter.cpp:6:
C/C++: In file included from /home/mikhail/.openclaw/workspace/TalkingMirror/node_modules/react-native-worklets-core/android/../cpp/WKTJsiWorkletApi.h:14:
C/C++: In file included from /home/mikhail/.openclaw/workspace/TalkingMirror/node_modules/react-native-worklets-core/android/../cpp/sharedvalues/WKTJsiSharedValue.h:8:
C/C++: /home/mikhail/.openclaw/workspace/TalkingMirror/node_modules/react-native-worklets-core/android/../cpp/WKTJsiDispatcher.h:97:22: warning: exception of type 'const std::runtime_error &' will be caught by earlier handler [-Wexceptions]
C/C++:    97 |       } catch (const std::runtime_error &err) {
C/C++:       |                      ^
C/C++: /home/mikhail/.openclaw/workspace/TalkingMirror/node_modules/react-native-worklets-core/android/../cpp/WKTJsiDispatcher.h:94:22: note: for type 'const std::exception &'
C/C++:    94 |       } catch (const std::exception &err) {
C/C++:       |                      ^
C/C++: 1 warning generated.
C/C++: In file included from /home/mikhail/.openclaw/workspace/TalkingMirror/node_modules/react-native-worklets-core/cpp/WKTJsiWorkletContext.cpp:3:
C/C++: In file included from /home/mikhail/.openclaw/workspace/TalkingMirror/node_modules/react-native-worklets-core/cpp/WKTJsiWorkletApi.h:14:
C/C++: In file included from /home/mikhail/.openclaw/workspace/TalkingMirror/node_modules/react-native-worklets-core/android/../cpp/sharedvalues/WKTJsiSharedValue.h:8:
C/C++: /home/mikhail/.openclaw/workspace/TalkingMirror/node_modules/react-native-worklets-core/android/../cpp/WKTJsiDispatcher.h:97:22: warning: exception of type 'const std::runtime_error &' will be caught by earlier handler [-Wexceptions]
C/C++:    97 |       } catch (const std::runtime_error &err) {
C/C++:       |                      ^
C/C++: /home/mikhail/.openclaw/workspace/TalkingMirror/node_modules/react-native-worklets-core/android/../cpp/WKTJsiDispatcher.h:94:22: note: for type 'const std::exception &'
C/C++:    94 |       } catch (const std::exception &err) {
C/C++:       |                      ^
C/C++: 1 warning generated.

> Task :react-native-worklets-core:configureCMakeRelWithDebInfo[armeabi-v7a]

> Task :react-native-worklets-core:buildCMakeRelWithDebInfo[armeabi-v7a]
C/C++: ninja: Entering directory `/home/mikhail/.openclaw/workspace/TalkingMirror/node_modules/react-native-worklets-core/android/.cxx/RelWithDebInfo/5l105n5q/armeabi-v7a'
C/C++: In file included from /home/mikhail/.openclaw/workspace/TalkingMirror/node_modules/react-native-worklets-core/cpp/WKTJsiWorkletApi.cpp:1:
C/C++: In file included from /home/mikhail/.openclaw/workspace/TalkingMirror/node_modules/react-native-worklets-core/cpp/WKTJsiWorkletApi.h:14:
C/C++: In file included from /home/mikhail/.openclaw/workspace/TalkingMirror/node_modules/react-native-worklets-core/android/../cpp/sharedvalues/WKTJsiSharedValue.h:8:
C/C++: /home/mikhail/.openclaw/workspace/TalkingMirror/node_modules/react-native-worklets-core/android/../cpp/WKTJsiDispatcher.h:97:22: warning: exception of type 'const std::runtime_error &' will be caught by earlier handler [-Wexceptions]
C/C++:    97 |       } catch (const std::runtime_error &err) {
C/C++:       |                      ^
C/C++: /home/mikhail/.openclaw/workspace/TalkingMirror/node_modules/react-native-worklets-core/android/../cpp/WKTJsiDispatcher.h:94:22: note: for type 'const std::exception &'
C/C++:    94 |       } catch (const std::exception &err) {
C/C++:       |                      ^
C/C++: 1 warning generated.
C/C++: In file included from /home/mikhail/.openclaw/workspace/TalkingMirror/node_modules/react-native-worklets-core/android/cpp-adapter.cpp:6:
C/C++: In file included from /home/mikhail/.openclaw/workspace/TalkingMirror/node_modules/react-native-worklets-core/android/../cpp/WKTJsiWorkletApi.h:14:
C/C++: In file included from /home/mikhail/.openclaw/workspace/TalkingMirror/node_modules/react-native-worklets-core/android/../cpp/sharedvalues/WKTJsiSharedValue.h:8:
C/C++: /home/mikhail/.openclaw/workspace/TalkingMirror/node_modules/react-native-worklets-core/android/../cpp/WKTJsiDispatcher.h:97:22: warning: exception of type 'const std::runtime_error &' will be caught by earlier handler [-Wexceptions]
C/C++:    97 |       } catch (const std::runtime_error &err) {
C/C++:       |                      ^
C/C++: /home/mikhail/.openclaw/workspace/TalkingMirror/node_modules/react-native-worklets-core/android/../cpp/WKTJsiDispatcher.h:94:22: note: for type 'const std::exception &'
C/C++:    94 |       } catch (const std::exception &err) {
C/C++:       |                      ^
C/C++: 1 warning generated.
C/C++: In file included from /home/mikhail/.openclaw/workspace/TalkingMirror/node_modules/react-native-worklets-core/cpp/WKTJsiWorkletContext.cpp:3:
C/C++: In file included from /home/mikhail/.openclaw/workspace/TalkingMirror/node_modules/react-native-worklets-core/cpp/WKTJsiWorkletApi.h:14:
C/C++: In file included from /home/mikhail/.openclaw/workspace/TalkingMirror/node_modules/react-native-worklets-core/android/../cpp/sharedvalues/WKTJsiSharedValue.h:8:
C/C++: /home/mikhail/.openclaw/workspace/TalkingMirror/node_modules/react-native-worklets-core/android/../cpp/WKTJsiDispatcher.h:97:22: warning: exception of type 'const std::runtime_error &' will be caught by earlier handler [-Wexceptions]
C/C++:    97 |       } catch (const std::runtime_error &err) {
C/C++:       |                      ^
C/C++: /home/mikhail/.openclaw/workspace/TalkingMirror/node_modules/react-native-worklets-core/android/../cpp/WKTJsiDispatcher.h:94:22: note: for type 'const std::exception &'
C/C++:    94 |       } catch (const std::exception &err) {
C/C++:       |                      ^
C/C++: In file included from /home/mikhail/.openclaw/workspace/TalkingMirror/node_modules/react-native-worklets-core/cpp/WKTJsiWorkletContext.cpp:15:
C/C++: /home/mikhail/.openclaw/workspace/TalkingMirror/node_modules/react-native-worklets-core/android/../cpp/decorators/WKTJsiSetImmediateDecorator.h:85:53: warning: format specifies type 'unsigned long' but the argument has type 'size_t' (aka 'unsigned int') [-Wformat]
C/C++:    85 |                   printf("ctx %lu: setImmediate\n", context->getContextId());
C/C++:       |                               ~~~                   ^~~~~~~~~~~~~~~~~~~~~~~
C/C++:       |                               %zu
C/C++: 2 warnings generated.

> Task :react-native-worklets-core:externalNativeBuildRelease
> Task :react-native-worklets-core:generateJsonModelRelease
> Task :react-native-worklets-core:prefabReleaseConfigurePackage
> Task :shopify_react-native-skia:extractAARHeaders
> Task :shopify_react-native-skia:extractJNIFiles
> Task :shopify_react-native-skia:preReleaseBuild
> Task :shopify_react-native-skia:configureCMakeRelWithDebInfo[arm64-v8a]
> Task :shopify_react-native-skia:configureCMakeRelWithDebInfo[armeabi-v7a]
> Task :shopify_react-native-skia:generateJsonModelRelease
> Task :shopify_react-native-skia:prefabReleaseConfigurePackage
> Task :app:configureCMakeRelWithDebInfo[arm64-v8a]
> Task :react-native-worklets:prefabReleasePackage
> Task :react-native-reanimated:buildCMakeRelWithDebInfo[arm64-v8a][reanimated]
> Task :react-native-reanimated:buildCMakeRelWithDebInfo[armeabi-v7a][reanimated]
> Task :react-native-worklets:mergeReleaseJniLibFolders
> Task :react-native-worklets:mergeReleaseNativeLibs
> Task :react-native-vision-camera:prefabReleasePackage
> Task :react-native-worklets:copyReleaseJniLibsProjectOnly
> Task :react-native-worklets-core:prefabReleasePackage
> Task :react-native-reanimated:externalNativeBuildRelease
> Task :react-native-reanimated:prefabReleasePackage
> Task :shopify_react-native-skia:buildCMakeRelWithDebInfo[arm64-v8a]
> Task :shopify_react-native-skia:buildCMakeRelWithDebInfo[armeabi-v7a]
> Task :shopify_react-native-skia:externalNativeBuildRelease
> Task :shopify_react-native-skia:prefabReleasePackage
> Task :app:buildCMakeRelWithDebInfo[arm64-v8a]
> Task :app:configureCMakeRelWithDebInfo[armeabi-v7a]
> Task :app:buildCMakeRelWithDebInfo[armeabi-v7a]
> Task :app:mergeReleaseJniLibFolders
> Task :expo:preReleaseBuild
> Task :expo:mergeReleaseJniLibFolders
> Task :expo:mergeReleaseNativeLibs NO-SOURCE
> Task :expo:copyReleaseJniLibsProjectOnly
> Task :expo-constants:preReleaseBuild
> Task :expo-constants:mergeReleaseJniLibFolders
> Task :expo-constants:mergeReleaseNativeLibs NO-SOURCE
> Task :expo-constants:copyReleaseJniLibsProjectOnly
> Task :expo-dev-client:preReleaseBuild UP-TO-DATE
> Task :expo-dev-client:mergeReleaseJniLibFolders
> Task :expo-dev-client:mergeReleaseNativeLibs NO-SOURCE
> Task :expo-dev-client:copyReleaseJniLibsProjectOnly
> Task :expo-dev-launcher:preReleaseBuild UP-TO-DATE
> Task :expo-dev-launcher:mergeReleaseJniLibFolders
> Task :expo-dev-launcher:mergeReleaseNativeLibs NO-SOURCE
> Task :expo-dev-launcher:copyReleaseJniLibsProjectOnly
> Task :expo-dev-menu:preReleaseBuild UP-TO-DATE
> Task :expo-dev-menu:mergeReleaseJniLibFolders
> Task :expo-dev-menu:mergeReleaseNativeLibs NO-SOURCE
> Task :expo-dev-menu:copyReleaseJniLibsProjectOnly
> Task :expo-dev-menu-interface:preReleaseBuild UP-TO-DATE
> Task :expo-dev-menu-interface:mergeReleaseJniLibFolders
> Task :expo-dev-menu-interface:mergeReleaseNativeLibs NO-SOURCE
> Task :expo-dev-menu-interface:copyReleaseJniLibsProjectOnly
> Task :expo-json-utils:preReleaseBuild UP-TO-DATE
> Task :expo-json-utils:mergeReleaseJniLibFolders
> Task :expo-json-utils:mergeReleaseNativeLibs NO-SOURCE
> Task :expo-json-utils:copyReleaseJniLibsProjectOnly
> Task :expo-log-box:preReleaseBuild UP-TO-DATE
> Task :expo-log-box:mergeReleaseJniLibFolders
> Task :expo-log-box:mergeReleaseNativeLibs NO-SOURCE
> Task :expo-log-box:copyReleaseJniLibsProjectOnly
> Task :expo-manifests:preReleaseBuild UP-TO-DATE
> Task :expo-manifests:mergeReleaseJniLibFolders
> Task :expo-manifests:mergeReleaseNativeLibs NO-SOURCE
> Task :expo-manifests:copyReleaseJniLibsProjectOnly
> Task :expo-modules-core:preReleaseBuild UP-TO-DATE
> Task :expo-modules-core:configureCMakeRelWithDebInfo[arm64-v8a]
> Task :expo-modules-core:buildCMakeRelWithDebInfo[arm64-v8a]
C/C++: ninja: Entering directory `/home/mikhail/.openclaw/workspace/TalkingMirror/node_modules/expo-modules-core/android/.cxx/RelWithDebInfo/x181x182/arm64-v8a'
C/C++: /home/mikhail/.openclaw/workspace/TalkingMirror/node_modules/expo-modules-core/android/src/main/cpp/fabric/ExpoComponentDescriptorFactory.cpp:17:5: warning: 'RawPropsParser' is deprecated [-Wdeprecated-declarations]
C/C++:    17 |     react::RawPropsParser(/*useRawPropsJsiValue=*/true)
C/C++:       |     ^
C/C++: /home/mikhail/.openclaw/workspace/TalkingMirror/node_modules/react-native/ReactCommon/react/renderer/core/RawPropsParser.h:31:5: note: 'RawPropsParser' has been explicitly marked deprecated here
C/C++:    31 |   [[deprecated]] explicit RawPropsParser(bool /* ignored */) : RawPropsParser() {}
C/C++:       |     ^
C/C++: 1 warning generated.

> Task :expo-modules-core:configureCMakeRelWithDebInfo[armeabi-v7a]

> Task :expo-modules-core:buildCMakeRelWithDebInfo[armeabi-v7a]
C/C++: ninja: Entering directory `/home/mikhail/.openclaw/workspace/TalkingMirror/node_modules/expo-modules-core/android/.cxx/RelWithDebInfo/x181x182/armeabi-v7a'
C/C++: /home/mikhail/.openclaw/workspace/TalkingMirror/node_modules/expo-modules-core/android/src/main/cpp/fabric/ExpoComponentDescriptorFactory.cpp:17:5: warning: 'RawPropsParser' is deprecated [-Wdeprecated-declarations]
C/C++:    17 |     react::RawPropsParser(/*useRawPropsJsiValue=*/true)
C/C++:       |     ^
C/C++: /home/mikhail/.openclaw/workspace/TalkingMirror/node_modules/react-native/ReactCommon/react/renderer/core/RawPropsParser.h:31:5: note: 'RawPropsParser' has been explicitly marked deprecated here
C/C++:    31 |   [[deprecated]] explicit RawPropsParser(bool /* ignored */) : RawPropsParser() {}
C/C++:       |     ^
C/C++: 1 warning generated.

> Task :expo-modules-core:mergeReleaseJniLibFolders
> Task :expo-updates-interface:preReleaseBuild UP-TO-DATE
> Task :expo-updates-interface:mergeReleaseJniLibFolders
> Task :expo-updates-interface:mergeReleaseNativeLibs NO-SOURCE
> Task :expo-updates-interface:copyReleaseJniLibsProjectOnly
> Task :react-native-async-storage_async-storage:preReleaseBuild
> Task :react-native-async-storage_async-storage:mergeReleaseJniLibFolders
> Task :react-native-async-storage_async-storage:mergeReleaseNativeLibs NO-SOURCE
> Task :react-native-async-storage_async-storage:copyReleaseJniLibsProjectOnly
> Task :react-native-community_slider:preReleaseBuild
> Task :expo-modules-core:mergeReleaseNativeLibs
> Task :react-native-community_slider:mergeReleaseJniLibFolders
> Task :react-native-community_slider:mergeReleaseNativeLibs NO-SOURCE
> Task :react-native-community_slider:copyReleaseJniLibsProjectOnly
> Task :react-native-gesture-handler:preReleaseBuild
> Task :react-native-gesture-handler:configureCMakeRelWithDebInfo[arm64-v8a]
> Task :expo-modules-core:copyReleaseJniLibsProjectOnly
> Task :react-native-gesture-handler:buildCMakeRelWithDebInfo[arm64-v8a]
> Task :react-native-gesture-handler:configureCMakeRelWithDebInfo[armeabi-v7a]
> Task :react-native-gesture-handler:buildCMakeRelWithDebInfo[armeabi-v7a]
> Task :react-native-gesture-handler:mergeReleaseJniLibFolders
> Task :react-native-masked-view_masked-view:preReleaseBuild UP-TO-DATE
> Task :react-native-gesture-handler:mergeReleaseNativeLibs
> Task :react-native-masked-view_masked-view:mergeReleaseJniLibFolders
> Task :react-native-masked-view_masked-view:mergeReleaseNativeLibs NO-SOURCE
> Task :react-native-gesture-handler:copyReleaseJniLibsProjectOnly
> Task :react-native-masked-view_masked-view:copyReleaseJniLibsProjectOnly
> Task :react-native-purchases:preReleaseBuild UP-TO-DATE
> Task :react-native-purchases:mergeReleaseJniLibFolders
> Task :react-native-purchases:mergeReleaseNativeLibs NO-SOURCE
> Task :react-native-purchases:copyReleaseJniLibsProjectOnly
> Task :react-native-reanimated:mergeReleaseJniLibFolders
> Task :react-native-safe-area-context:preReleaseBuild
> Task :react-native-safe-area-context:mergeReleaseJniLibFolders
> Task :react-native-safe-area-context:mergeReleaseNativeLibs NO-SOURCE
> Task :react-native-safe-area-context:copyReleaseJniLibsProjectOnly
> Task :react-native-screens:preReleaseBuild
> Task :react-native-reanimated:mergeReleaseNativeLibs
> Task :react-native-screens:configureCMakeRelWithDebInfo[arm64-v8a]
> Task :react-native-reanimated:copyReleaseJniLibsProjectOnly
> Task :react-native-screens:buildCMakeRelWithDebInfo[arm64-v8a]
> Task :react-native-screens:configureCMakeRelWithDebInfo[armeabi-v7a]
> Task :react-native-screens:buildCMakeRelWithDebInfo[armeabi-v7a]
> Task :react-native-screens:mergeReleaseJniLibFolders
> Task :react-native-screens:mergeReleaseNativeLibs
> Task :react-native-vision-camera:mergeReleaseJniLibFolders
> Task :react-native-screens:copyReleaseJniLibsProjectOnly
> Task :react-native-worklets-core:mergeReleaseJniLibFolders
> Task :react-native-vision-camera:mergeReleaseNativeLibs
> Task :react-native-worklets-core:mergeReleaseNativeLibs
> Task :react-native-worklets-core:copyReleaseJniLibsProjectOnly
> Task :sentry-react-native-expo:preReleaseBuild UP-TO-DATE
> Task :sentry-react-native-expo:mergeReleaseJniLibFolders
> Task :react-native-vision-camera:copyReleaseJniLibsProjectOnly
> Task :sentry-react-native-expo:mergeReleaseNativeLibs NO-SOURCE
> Task :sentry-react-native-expo:copyReleaseJniLibsProjectOnly
> Task :sentry_react-native:preReleaseBuild
> Task :sentry_react-native:mergeReleaseJniLibFolders
> Task :sentry_react-native:mergeReleaseNativeLibs NO-SOURCE
> Task :sentry_react-native:copyReleaseJniLibsProjectOnly
> Task :shopify_react-native-skia:mergeReleaseJniLibFolders
> Task :react-native-async-storage_async-storage:checkKotlinGradlePluginConfigurationErrors SKIPPED
> Task :react-native-async-storage_async-storage:generateReleaseBuildConfig
> Task :react-native-async-storage_async-storage:generateReleaseResValues
> Task :react-native-async-storage_async-storage:generateReleaseResources
> Task :shopify_react-native-skia:mergeReleaseNativeLibs
> Task :react-native-async-storage_async-storage:packageReleaseResources
> Task :shopify_react-native-skia:copyReleaseJniLibsProjectOnly
> Task :react-native-async-storage_async-storage:parseReleaseLocalResources
> Task :react-native-async-storage_async-storage:generateReleaseRFile
> Task :app:mergeReleaseNativeLibs
> Task :app:stripReleaseDebugSymbols
> Task :app:extractReleaseNativeSymbolTables
> Task :app:mergeReleaseNativeDebugMetadata
> Task :react-native-async-storage_async-storage:javaPreCompileRelease
> Task :react-native-gesture-handler:checkKotlinGradlePluginConfigurationErrors SKIPPED
> Task :react-native-gesture-handler:generateReleaseBuildConfig
> Task :react-native-gesture-handler:generateReleaseResValues
> Task :react-native-gesture-handler:generateReleaseResources
> Task :react-native-gesture-handler:packageReleaseResources
> Task :react-native-gesture-handler:parseReleaseLocalResources
> Task :react-native-gesture-handler:generateReleaseRFile
> Task :react-native-reanimated:generateReleaseBuildConfig
> Task :react-native-reanimated:generateReleaseResValues
> Task :react-native-reanimated:generateReleaseResources
> Task :react-native-reanimated:packageReleaseResources
> Task :react-native-reanimated:parseReleaseLocalResources
> Task :react-native-reanimated:generateReleaseRFile
> Task :react-native-reanimated:javaPreCompileRelease
> Task :react-native-worklets:checkKotlinGradlePluginConfigurationErrors SKIPPED
> Task :react-native-worklets:generateReleaseBuildConfig
> Task :react-native-worklets:generateReleaseResValues
> Task :react-native-worklets:generateReleaseResources
> Task :react-native-worklets:packageReleaseResources
> Task :react-native-worklets:parseReleaseLocalResources
> Task :react-native-worklets:generateReleaseRFile
> Task :react-native-worklets:compileReleaseKotlin NO-SOURCE
> Task :react-native-worklets:javaPreCompileRelease
> Task :react-native-async-storage_async-storage:kspReleaseKotlin

> Task :react-native-worklets:compileReleaseJavaWithJavac
Note: /home/mikhail/.openclaw/workspace/TalkingMirror/node_modules/react-native-worklets/android/src/main/java/com/swmansion/worklets/WorkletsMessageQueueThreadBase.java uses or overrides a deprecated API.
Note: Recompile with -Xlint:deprecation for details.
Note: /home/mikhail/.openclaw/workspace/TalkingMirror/node_modules/react-native-worklets/android/src/main/java/com/swmansion/worklets/WorkletsPackage.java uses unchecked or unsafe operations.
Note: Recompile with -Xlint:unchecked for details.

> Task :react-native-worklets:bundleLibCompileToJarRelease

> Task :react-native-reanimated:compileReleaseJavaWithJavac
Note: Some input files use or override a deprecated API.
Note: Recompile with -Xlint:deprecation for details.
Note: Some input files use unchecked or unsafe operations.
Note: Recompile with -Xlint:unchecked for details.

> Task :react-native-reanimated:bundleLibCompileToJarRelease
> Task :react-native-async-storage_async-storage:compileReleaseKotlin
w: file:///home/mikhail/.openclaw/workspace/TalkingMirror/node_modules/@react-native-async-storage/async-storage/android/src/main/kotlin/org/asyncstorage/legacy_storage/LegacyStorageSupplier.kt:63:69 Java type mismatch: inferred type is 'String?', but 'String' was expected.
w: file:///home/mikhail/.openclaw/workspace/TalkingMirror/node_modules/@react-native-async-storage/async-storage/android/src/main/kotlin/org/asyncstorage/legacy_storage/LegacyStorageSupplier.kt:91:26 The corresponding parameter in the supertype 'Migration' is named 'db'. This may cause problems when calling this function with named arguments.
w: file:///home/mikhail/.openclaw/workspace/TalkingMirror/node_modules/@react-native-async-storage/async-storage/android/src/main/kotlin/org/asyncstorage/legacy_storage/LegacyStorageSupplier.kt:202:17 Unchecked cast of 'ArrayList<Any?>' to 'List<String>'.

> Task :react-native-async-storage_async-storage:compileReleaseJavaWithJavac
> Task :react-native-async-storage_async-storage:bundleLibRuntimeToDirRelease
> Task :react-native-gesture-handler:compileReleaseKotlin
w: file:///home/mikhail/.openclaw/workspace/TalkingMirror/node_modules/react-native-gesture-handler/android/src/main/java/com/swmansion/gesturehandler/react/RNGestureHandlerDetectorView.kt:230:43 'fun getEventDispatcherForReactTag(context: ReactContext, reactTag: Int): EventDispatcher?' is deprecated. reactTag is no longer needed.

> Task :react-native-gesture-handler:javaPreCompileRelease
> Task :react-native-gesture-handler:compileReleaseJavaWithJavac
> Task :react-native-gesture-handler:bundleLibRuntimeToDirRelease
> Task :react-native-nitro-image:checkKotlinGradlePluginConfigurationErrors SKIPPED
> Task :react-native-nitro-image:generateReleaseBuildConfig
> Task :react-native-nitro-image:generateReleaseResValues
> Task :react-native-nitro-image:generateReleaseResources
> Task :react-native-nitro-image:packageReleaseResources
> Task :react-native-nitro-image:parseReleaseLocalResources
> Task :react-native-nitro-image:generateReleaseRFile
> Task :react-native-nitro-modules:checkKotlinGradlePluginConfigurationErrors SKIPPED
> Task :react-native-nitro-modules:generateReleaseBuildConfig
> Task :react-native-nitro-modules:generateReleaseResValues
> Task :react-native-nitro-modules:generateReleaseResources
> Task :react-native-nitro-modules:packageReleaseResources
> Task :react-native-nitro-modules:parseReleaseLocalResources
> Task :react-native-nitro-modules:generateReleaseRFile
> Task :react-native-nitro-modules:javaPreCompileRelease
> Task :react-native-nitro-image:javaPreCompileRelease
> Task :react-native-vision-camera:checkKotlinGradlePluginConfigurationErrors SKIPPED
> Task :react-native-vision-camera:generateReleaseBuildConfig
> Task :react-native-vision-camera:generateReleaseResValues
> Task :react-native-vision-camera:generateReleaseResources
> Task :react-native-vision-camera:packageReleaseResources
> Task :react-native-vision-camera:parseReleaseLocalResources
> Task :react-native-vision-camera:generateReleaseRFile
> Task :react-native-vision-camera:javaPreCompileRelease
> Task :react-native-safe-area-context:checkKotlinGradlePluginConfigurationErrors SKIPPED
> Task :react-native-safe-area-context:generateReleaseBuildConfig
> Task :react-native-safe-area-context:generateReleaseResValues
> Task :react-native-safe-area-context:generateReleaseResources
> Task :react-native-safe-area-context:packageReleaseResources
> Task :react-native-safe-area-context:parseReleaseLocalResources
> Task :react-native-safe-area-context:generateReleaseRFile
> Task :react-native-nitro-modules:compileReleaseKotlin
> Task :react-native-nitro-modules:compileReleaseJavaWithJavac
> Task :react-native-nitro-modules:bundleLibCompileToJarRelease

> Task :react-native-safe-area-context:compileReleaseKotlin
w: file:///home/mikhail/.openclaw/workspace/TalkingMirror/apps/android/node_modules/react-native-safe-area-context/android/src/main/java/com/th3rdwave/safeareacontext/SafeAreaProviderManager.kt:39:19 'fun getEventDispatcherForReactTag(context: ReactContext, reactTag: Int): EventDispatcher?' is deprecated. reactTag is no longer needed.
w: file:///home/mikhail/.openclaw/workspace/TalkingMirror/apps/android/node_modules/react-native-safe-area-context/android/src/main/java/com/th3rdwave/safeareacontext/SafeAreaView.kt:9:8 'class UIManagerModule : ReactContextBaseJavaModule, LifecycleEventListener, UIManager' is deprecated. Deprecated in Java.
w: file:///home/mikhail/.openclaw/workspace/TalkingMirror/apps/android/node_modules/react-native-safe-area-context/android/src/main/java/com/th3rdwave/safeareacontext/SafeAreaView.kt:50:54 'class UIManagerModule : ReactContextBaseJavaModule, LifecycleEventListener, UIManager' is deprecated. Deprecated in Java.
w: file:///home/mikhail/.openclaw/workspace/TalkingMirror/apps/android/node_modules/react-native-safe-area-context/android/src/main/java/com/th3rdwave/safeareacontext/SafeAreaView.kt:59:23 'val uiImplementation: UIImplementation!' is deprecated. Deprecated in Java.
w: file:///home/mikhail/.openclaw/workspace/TalkingMirror/apps/android/node_modules/react-native-safe-area-context/android/src/main/java/com/th3rdwave/safeareacontext/SafeAreaViewShadowNode.kt:9:32 'class LayoutShadowNode : ReactShadowNodeImpl' is deprecated. This class is part of Legacy Architecture and will be removed in a future release.
w: file:///home/mikhail/.openclaw/workspace/TalkingMirror/apps/android/node_modules/react-native-safe-area-context/android/src/main/java/com/th3rdwave/safeareacontext/SafeAreaViewShadowNode.kt:110:61 'class NativeViewHierarchyOptimizer : Any' is deprecated. This class is part of Legacy Architecture and will be removed in a future release.

> Task :react-native-nitro-modules:bundleLibRuntimeToDirRelease
> Task :react-native-safe-area-context:javaPreCompileRelease
> Task :react-native-safe-area-context:compileReleaseJavaWithJavac
> Task :react-native-safe-area-context:bundleLibRuntimeToDirRelease
> Task :react-native-screens:checkKotlinGradlePluginConfigurationErrors SKIPPED
> Task :react-native-screens:generateReleaseBuildConfig
> Task :react-native-screens:generateReleaseResValues
> Task :react-native-screens:generateReleaseResources
> Task :react-native-screens:packageReleaseResources
> Task :react-native-screens:parseReleaseLocalResources
> Task :react-native-screens:generateReleaseRFile
> Task :react-native-nitro-image:compileReleaseKotlin
> Task :react-native-nitro-image:compileReleaseJavaWithJavac
> Task :react-native-nitro-image:bundleLibCompileToJarRelease
> Task :react-native-screens:compileReleaseKotlin
> Task :react-native-vision-camera:compileReleaseKotlin

> Task :react-native-screens:compileReleaseKotlin
w: file:///home/mikhail/.openclaw/workspace/TalkingMirror/node_modules/react-native-screens/android/src/main/java/com/swmansion/rnscreens/RNScreensPackage.kt:66:9 The corresponding parameter in the supertype 'BaseReactPackage' is named 'name'. This may cause problems when calling this function with named arguments.
w: file:///home/mikhail/.openclaw/workspace/TalkingMirror/node_modules/react-native-screens/android/src/main/java/com/swmansion/rnscreens/RNScreensPackage.kt:67:9 The corresponding parameter in the supertype 'BaseReactPackage' is named 'reactContext'. This may cause problems when calling this function with named arguments.
w: file:///home/mikhail/.openclaw/workspace/TalkingMirror/node_modules/react-native-screens/android/src/main/java/com/swmansion/rnscreens/RNScreensPackage.kt:79:17 'constructor(name: String, className: String, canOverrideExistingModule: Boolean, needsEagerInit: Boolean, hasConstants: Boolean, isCxxModule: Boolean, isTurboModule: Boolean): ReactModuleInfo' is deprecated. This constructor is deprecated and will be removed in the future. Use ReactModuleInfo(String, String, boolean, boolean, boolean, boolean)].
w: file:///home/mikhail/.openclaw/workspace/TalkingMirror/node_modules/react-native-screens/android/src/main/java/com/swmansion/rnscreens/Screen.kt:53:77 Unchecked cast of '(CoordinatorLayout.Behavior<View!>?..CoordinatorLayout.Behavior<*>?)' to 'BottomSheetBehavior<Screen>'.
w: file:///home/mikhail/.openclaw/workspace/TalkingMirror/node_modules/react-native-screens/android/src/main/java/com/swmansion/rnscreens/Screen.kt:58:33 'fun getEventDispatcherForReactTag(context: ReactContext, reactTag: Int): EventDispatcher?' is deprecated. reactTag is no longer needed.
w: file:///home/mikhail/.openclaw/workspace/TalkingMirror/node_modules/react-native-screens/android/src/main/java/com/swmansion/rnscreens/Screen.kt:515:14 'fun getEventDispatcherForReactTag(context: ReactContext, reactTag: Int): EventDispatcher?' is deprecated. reactTag is no longer needed.
w: file:///home/mikhail/.openclaw/workspace/TalkingMirror/node_modules/react-native-screens/android/src/main/java/com/swmansion/rnscreens/ScreenContainer.kt:250:18 'fun getEventDispatcherForReactTag(context: ReactContext, reactTag: Int): EventDispatcher?' is deprecated. reactTag is no longer needed.
w: file:///home/mikhail/.openclaw/workspace/TalkingMirror/node_modules/react-native-screens/android/src/main/java/com/swmansion/rnscreens/ScreenContainer.kt:260:18 'fun getEventDispatcherForReactTag(context: ReactContext, reactTag: Int): EventDispatcher?' is deprecated. reactTag is no longer needed.
w: file:///home/mikhail/.openclaw/workspace/TalkingMirror/node_modules/react-native-screens/android/src/main/java/com/swmansion/rnscreens/ScreenFragment.kt:225:37 'fun getEventDispatcherForReactTag(context: ReactContext, reactTag: Int): EventDispatcher?' is deprecated. reactTag is no longer needed.
w: file:///home/mikhail/.openclaw/workspace/TalkingMirror/node_modules/react-native-screens/android/src/main/java/com/swmansion/rnscreens/ScreenFragment.kt:242:14 'fun getEventDispatcherForReactTag(context: ReactContext, reactTag: Int): EventDispatcher?' is deprecated. reactTag is no longer needed.
w: file:///home/mikhail/.openclaw/workspace/TalkingMirror/node_modules/react-native-screens/android/src/main/java/com/swmansion/rnscreens/ScreenFragment.kt:258:22 'fun getEventDispatcherForReactTag(context: ReactContext, reactTag: Int): EventDispatcher?' is deprecated. reactTag is no longer needed.
w: file:///home/mikhail/.openclaw/workspace/TalkingMirror/node_modules/react-native-screens/android/src/main/java/com/swmansion/rnscreens/ScreenFragment.kt:327:22 'fun getEventDispatcherForReactTag(context: ReactContext, reactTag: Int): EventDispatcher?' is deprecated. reactTag is no longer needed.
w: file:///home/mikhail/.openclaw/workspace/TalkingMirror/node_modules/react-native-screens/android/src/main/java/com/swmansion/rnscreens/ScreenModalFragment.kt:180:22 'fun getEventDispatcherForReactTag(context: ReactContext, reactTag: Int): EventDispatcher?' is deprecated. reactTag is no longer needed.
w: file:///home/mikhail/.openclaw/workspace/TalkingMirror/node_modules/react-native-screens/android/src/main/java/com/swmansion/rnscreens/ScreenStack.kt:106:14 'fun getEventDispatcherForReactTag(context: ReactContext, reactTag: Int): EventDispatcher?' is deprecated. reactTag is no longer needed.
w: file:///home/mikhail/.openclaw/workspace/TalkingMirror/node_modules/react-native-screens/android/src/main/java/com/swmansion/rnscreens/ScreenStackFragment.kt:169:18 'fun getEventDispatcherForReactTag(context: ReactContext, reactTag: Int): EventDispatcher?' is deprecated. reactTag is no longer needed.
w: file:///home/mikhail/.openclaw/workspace/TalkingMirror/node_modules/react-native-screens/android/src/main/java/com/swmansion/rnscreens/ScreenStackFragment.kt:226:31 'var targetElevation: Float' is deprecated. Deprecated in Java.
w: file:///home/mikhail/.openclaw/workspace/TalkingMirror/node_modules/react-native-screens/android/src/main/java/com/swmansion/rnscreens/ScreenStackFragment.kt:229:13 'fun setHasOptionsMenu(p0: Boolean): Unit' is deprecated. Deprecated in Java.
w: file:///home/mikhail/.openclaw/workspace/TalkingMirror/node_modules/react-native-screens/android/src/main/java/com/swmansion/rnscreens/ScreenStackFragment.kt:439:18 This declaration overrides a deprecated member but is not marked as deprecated itself. Add the '@Deprecated' annotation or suppress the diagnostic.
w: file:///home/mikhail/.openclaw/workspace/TalkingMirror/node_modules/react-native-screens/android/src/main/java/com/swmansion/rnscreens/ScreenStackFragment.kt:446:22 'fun onPrepareOptionsMenu(p0: Menu): Unit' is deprecated. Deprecated in Java.
w: file:///home/mikhail/.openclaw/workspace/TalkingMirror/node_modules/react-native-screens/android/src/main/java/com/swmansion/rnscreens/ScreenStackFragment.kt:449:18 This declaration overrides a deprecated member but is not marked as deprecated itself. Add the '@Deprecated' annotation or suppress the diagnostic.
w: file:///home/mikhail/.openclaw/workspace/TalkingMirror/node_modules/react-native-screens/android/src/main/java/com/swmansion/rnscreens/ScreenStackFragment.kt:454:22 'fun onCreateOptionsMenu(p0: Menu, p1: MenuInflater): Unit' is deprecated. Deprecated in Java.
w: file:///home/mikhail/.openclaw/workspace/TalkingMirror/node_modules/react-native-screens/android/src/main/java/com/swmansion/rnscreens/ScreenStackHeaderConfig.kt:181:14 'fun getEventDispatcherForReactTag(context: ReactContext, reactTag: Int): EventDispatcher?' is deprecated. reactTag is no longer needed.
w: file:///home/mikhail/.openclaw/workspace/TalkingMirror/node_modules/react-native-screens/android/src/main/java/com/swmansion/rnscreens/ScreenStackHeaderConfig.kt:191:14 'fun getEventDispatcherForReactTag(context: ReactContext, reactTag: Int): EventDispatcher?' is deprecated. reactTag is no longer needed.
w: file:///home/mikhail/.openclaw/workspace/TalkingMirror/node_modules/react-native-screens/android/src/main/java/com/swmansion/rnscreens/ScreenWindowTraits.kt:48:42 'fun replaceSystemWindowInsets(p0: Int, p1: Int, p2: Int, p3: Int): @NonNull() WindowInsetsCompat' is deprecated. Deprecated in Java.
w: file:///home/mikhail/.openclaw/workspace/TalkingMirror/node_modules/react-native-screens/android/src/main/java/com/swmansion/rnscreens/ScreenWindowTraits.kt:49:39 'val systemWindowInsetLeft: Int' is deprecated. Deprecated in Java.
w: file:///home/mikhail/.openclaw/workspace/TalkingMirror/node_modules/react-native-screens/android/src/main/java/com/swmansion/rnscreens/ScreenWindowTraits.kt:51:39 'val systemWindowInsetRight: Int' is deprecated. Deprecated in Java.
w: file:///home/mikhail/.openclaw/workspace/TalkingMirror/node_modules/react-native-screens/android/src/main/java/com/swmansion/rnscreens/ScreenWindowTraits.kt:52:39 'val systemWindowInsetBottom: Int' is deprecated. Deprecated in Java.
w: file:///home/mikhail/.openclaw/workspace/TalkingMirror/node_modules/react-native-screens/android/src/main/java/com/swmansion/rnscreens/ScreensModule.kt:100:14 'fun getEventDispatcherForReactTag(context: ReactContext, reactTag: Int): EventDispatcher?' is deprecated. reactTag is no longer needed.
w: file:///home/mikhail/.openclaw/workspace/TalkingMirror/node_modules/react-native-screens/android/src/main/java/com/swmansion/rnscreens/SearchBarView.kt:137:29 'fun getEventDispatcherForReactTag(context: ReactContext, reactTag: Int): EventDispatcher?' is deprecated. reactTag is no longer needed.
w: file:///home/mikhail/.openclaw/workspace/TalkingMirror/node_modules/react-native-screens/android/src/main/java/com/swmansion/rnscreens/bottomsheet/BottomSheetDialogRootView.kt:7:8 'object ReactFeatureFlags : Any' is deprecated. Use com.facebook.react.internal.featureflags.ReactNativeFeatureFlags instead.
w: file:///home/mikhail/.openclaw/workspace/TalkingMirror/node_modules/react-native-screens/android/src/main/java/com/swmansion/rnscreens/bottomsheet/BottomSheetDialogRootView.kt:25:13 'object ReactFeatureFlags : Any' is deprecated. Use com.facebook.react.internal.featureflags.ReactNativeFeatureFlags instead.
w: file:///home/mikhail/.openclaw/workspace/TalkingMirror/node_modules/react-native-screens/android/src/main/java/com/swmansion/rnscreens/bottomsheet/BottomSheetDialogRootView.kt:32:9 The corresponding parameter in the supertype 'ReactViewGroup' is named 'left'. This may cause problems when calling this function with named arguments.
w: file:///home/mikhail/.openclaw/workspace/TalkingMirror/node_modules/react-native-screens/android/src/main/java/com/swmansion/rnscreens/bottomsheet/BottomSheetDialogRootView.kt:33:9 The corresponding parameter in the supertype 'ReactViewGroup' is named 'top'. This may cause problems when calling this function with named arguments.
w: file:///home/mikhail/.openclaw/workspace/TalkingMirror/node_modules/react-native-screens/android/src/main/java/com/swmansion/rnscreens/bottomsheet/BottomSheetDialogRootView.kt:34:9 The corresponding parameter in the supertype 'ReactViewGroup' is named 'right'. This may cause problems when calling this function with named arguments.
w: file:///home/mikhail/.openclaw/workspace/TalkingMirror/node_modules/react-native-screens/android/src/main/java/com/swmansion/rnscreens/bottomsheet/BottomSheetDialogRootView.kt:35:9 The corresponding parameter in the supertype 'ReactViewGroup' is named 'bottom'. This may cause problems when calling this function with named arguments.
w: file:///home/mikhail/.openclaw/workspace/TalkingMirror/node_modules/react-native-screens/android/src/main/java/com/swmansion/rnscreens/bottomsheet/BottomSheetDialogRootView.kt:71:9 The corresponding parameter in the supertype 'RootView' is named 'childView'. This may cause problems when calling this function with named arguments.
w: file:///home/mikhail/.openclaw/workspace/TalkingMirror/node_modules/react-native-screens/android/src/main/java/com/swmansion/rnscreens/bottomsheet/BottomSheetDialogRootView.kt:72:9 The corresponding parameter in the supertype 'RootView' is named 'ev'. This may cause problems when calling this function with named arguments.
w: file:///home/mikhail/.openclaw/workspace/TalkingMirror/node_modules/react-native-screens/android/src/main/java/com/swmansion/rnscreens/bottomsheet/BottomSheetDialogRootView.kt:79:46 The corresponding parameter in the supertype 'RootView' is named 'ev'. This may cause problems when calling this function with named arguments.
w: file:///home/mikhail/.openclaw/workspace/TalkingMirror/node_modules/react-native-screens/android/src/main/java/com/swmansion/rnscreens/bottomsheet/BottomSheetDialogRootView.kt:83:9 The corresponding parameter in the supertype 'RootView' is named 'childView'. This may cause problems when calling this function with named arguments.
w: file:///home/mikhail/.openclaw/workspace/TalkingMirror/node_modules/react-native-screens/android/src/main/java/com/swmansion/rnscreens/bottomsheet/BottomSheetDialogRootView.kt:84:9 The corresponding parameter in the supertype 'RootView' is named 'ev'. This may cause problems when calling this function with named arguments.
w: file:///home/mikhail/.openclaw/workspace/TalkingMirror/node_modules/react-native-screens/android/src/main/java/com/swmansion/rnscreens/bottomsheet/BottomSheetDialogRootView.kt:95:34 The corresponding parameter in the supertype 'RootView' is named 't'. This may cause problems when calling this function with named arguments.
w: file:///home/mikhail/.openclaw/workspace/TalkingMirror/node_modules/react-native-screens/android/src/main/java/com/swmansion/rnscreens/bottomsheet/DimmingView.kt:64:9 The corresponding parameter in the supertype 'ReactCompoundView' is named 'touchX'. This may cause problems when calling this function with named arguments.
w: file:///home/mikhail/.openclaw/workspace/TalkingMirror/node_modules/react-native-screens/android/src/main/java/com/swmansion/rnscreens/bottomsheet/DimmingView.kt:65:9 The corresponding parameter in the supertype 'ReactCompoundView' is named 'touchY'. This may cause problems when calling this function with named arguments.
w: file:///home/mikhail/.openclaw/workspace/TalkingMirror/node_modules/react-native-screens/android/src/main/java/com/swmansion/rnscreens/bottomsheet/DimmingView.kt:69:9 The corresponding parameter in the supertype 'ReactCompoundViewGroup' is named 'touchX'. This may cause problems when calling this function with named arguments.
w: file:///home/mikhail/.openclaw/workspace/TalkingMirror/node_modules/react-native-screens/android/src/main/java/com/swmansion/rnscreens/bottomsheet/DimmingView.kt:70:9 The corresponding parameter in the supertype 'ReactCompoundViewGroup' is named 'touchY'. This may cause problems when calling this function with named arguments.
w: file:///home/mikhail/.openclaw/workspace/TalkingMirror/node_modules/react-native-screens/android/src/main/java/com/swmansion/rnscreens/gamma/common/event/BaseEventEmitter.kt:12:38 'fun getEventDispatcherForReactTag(context: ReactContext, reactTag: Int): EventDispatcher?' is deprecated. reactTag is no longer needed.
w: file:///home/mikhail/.openclaw/workspace/TalkingMirror/node_modules/react-native-screens/android/src/main/java/com/swmansion/rnscreens/gamma/tabs/host/TabsHostViewManager.kt:44:9 The corresponding parameter in the supertype 'TabsHostViewManager' is named 'view'. This may cause problems when calling this function with named arguments.
w: file:///home/mikhail/.openclaw/workspace/TalkingMirror/node_modules/react-native-screens/android/src/main/java/com/swmansion/rnscreens/safearea/SafeAreaView.kt:143:45 'fun consumeDisplayCutout(): @NonNull() WindowInsetsCompat' is deprecated. Deprecated in Java.

> Task :react-native-vision-camera:compileReleaseJavaWithJavac
> Task :react-native-nitro-image:bundleLibRuntimeToDirRelease
> Task :react-native-vision-camera:bundleLibRuntimeToDirRelease
> Task :react-native-screens:javaPreCompileRelease
> Task :react-native-screens:compileReleaseJavaWithJavac
> Task :react-native-screens:bundleLibRuntimeToDirRelease
> Task :react-native-reanimated:bundleLibRuntimeToDirRelease
> Task :expo:checkKotlinGradlePluginConfigurationErrors SKIPPED
> Task :expo:generateReleaseBuildConfig
> Task :expo:generateReleaseResValues
> Task :expo:generateReleaseResources
> Task :expo:packageReleaseResources
> Task :expo:parseReleaseLocalResources
> Task :expo:generateReleaseRFile
> Task :expo-constants:checkKotlinGradlePluginConfigurationErrors SKIPPED
> Task :expo-constants:generateReleaseBuildConfig
> Task :expo-constants:generateReleaseResValues
> Task :expo-constants:generateReleaseResources
> Task :expo-constants:packageReleaseResources
> Task :expo-constants:parseReleaseLocalResources
> Task :expo-constants:generateReleaseRFile
> Task :expo-modules-core:checkKotlinGradlePluginConfigurationErrors SKIPPED
> Task :expo-modules-core:generateReleaseBuildConfig
> Task :expo-modules-core:generateReleaseResValues
> Task :expo-modules-core:generateReleaseResources
> Task :expo-modules-core:packageReleaseResources
> Task :expo-modules-core:parseReleaseLocalResources
> Task :expo-modules-core:generateReleaseRFile
> Task :expo-modules-core:javaPreCompileRelease
> Task :expo-constants:javaPreCompileRelease
> Task :expo-dev-client:checkKotlinGradlePluginConfigurationErrors SKIPPED
> Task :expo-dev-client:dataBindingMergeDependencyArtifactsRelease
> Task :expo-dev-client:generateReleaseResValues
> Task :expo-dev-client:generateReleaseResources
> Task :expo-dev-client:packageReleaseResources
> Task :expo-dev-client:parseReleaseLocalResources
> Task :expo-dev-client:dataBindingGenBaseClassesRelease
> Task :expo-dev-client:generateReleaseBuildConfig
> Task :expo-dev-client:generateReleaseRFile
> Task :expo-dev-client:javaPreCompileRelease
> Task :expo-dev-launcher:checkKotlinGradlePluginConfigurationErrors SKIPPED
> Task :expo-dev-launcher:dataBindingMergeDependencyArtifactsRelease
> Task :expo-dev-launcher:generateReleaseResValues
> Task :expo-dev-launcher:generateReleaseResources
> Task :expo-dev-launcher:packageReleaseResources
> Task :expo-dev-launcher:parseReleaseLocalResources
> Task :expo-dev-launcher:dataBindingGenBaseClassesRelease
> Task :expo-dev-launcher:generateReleaseBuildConfig
> Task :expo-dev-launcher:generateReleaseRFile
> Task :expo-dev-launcher:javaPreCompileRelease
> Task :expo-dev-menu:checkKotlinGradlePluginConfigurationErrors SKIPPED
> Task :expo-dev-menu:generateReleaseBuildConfig
> Task :expo-dev-menu:generateReleaseResValues
> Task :expo-dev-menu:generateReleaseResources
> Task :expo-dev-menu:packageReleaseResources
> Task :expo-dev-menu:parseReleaseLocalResources
> Task :expo-dev-menu:generateReleaseRFile
> Task :expo-dev-menu:javaPreCompileRelease
> Task :expo-dev-menu-interface:checkKotlinGradlePluginConfigurationErrors SKIPPED
> Task :expo-dev-menu-interface:generateReleaseBuildConfig
> Task :expo-dev-menu-interface:generateReleaseResValues
> Task :expo-dev-menu-interface:generateReleaseResources
> Task :expo-dev-menu-interface:packageReleaseResources
> Task :expo-dev-menu-interface:parseReleaseLocalResources
> Task :expo-dev-menu-interface:generateReleaseRFile
> Task :expo-dev-menu-interface:javaPreCompileRelease
> Task :expo-json-utils:checkKotlinGradlePluginConfigurationErrors SKIPPED
> Task :expo-json-utils:generateReleaseBuildConfig
> Task :expo-json-utils:generateReleaseResValues
> Task :expo-json-utils:generateReleaseResources
> Task :expo-json-utils:packageReleaseResources
> Task :expo-json-utils:parseReleaseLocalResources
> Task :expo-json-utils:generateReleaseRFile
> Task :expo-json-utils:javaPreCompileRelease
> Task :expo-log-box:checkKotlinGradlePluginConfigurationErrors SKIPPED
> Task :expo-log-box:generateReleaseBuildConfig
> Task :expo-log-box:generateReleaseResValues
> Task :expo-log-box:generateReleaseResources
> Task :expo-log-box:packageReleaseResources
> Task :expo-log-box:parseReleaseLocalResources
> Task :expo-log-box:generateReleaseRFile
> Task :expo-log-box:javaPreCompileRelease
> Task :expo-manifests:checkKotlinGradlePluginConfigurationErrors SKIPPED
> Task :expo-manifests:generateReleaseBuildConfig
> Task :expo-manifests:generateReleaseResValues
> Task :expo-manifests:generateReleaseResources
> Task :expo-manifests:packageReleaseResources
> Task :expo-manifests:parseReleaseLocalResources
> Task :expo-manifests:generateReleaseRFile
> Task :expo-manifests:javaPreCompileRelease
> Task :expo-updates-interface:checkKotlinGradlePluginConfigurationErrors SKIPPED
> Task :expo-updates-interface:generateReleaseBuildConfig
> Task :expo-updates-interface:generateReleaseResValues
> Task :expo-updates-interface:generateReleaseResources
> Task :expo-updates-interface:packageReleaseResources
> Task :expo-updates-interface:parseReleaseLocalResources
> Task :expo-updates-interface:generateReleaseRFile
> Task :expo-updates-interface:javaPreCompileRelease
> Task :sentry-react-native-expo:generateReleaseBuildConfig
> Task :sentry-react-native-expo:generateReleaseResValues
> Task :sentry-react-native-expo:generateReleaseResources
> Task :sentry-react-native-expo:packageReleaseResources
> Task :sentry-react-native-expo:parseReleaseLocalResources
> Task :sentry-react-native-expo:generateReleaseRFile
> Task :sentry-react-native-expo:javaPreCompileRelease
> Task :expo:javaPreCompileRelease
> Task :react-native-worklets:bundleLibRuntimeToDirRelease
> Task :react-native-community_slider:generateReleaseBuildConfig
> Task :react-native-community_slider:generateReleaseResValues
> Task :react-native-community_slider:generateReleaseResources
> Task :react-native-community_slider:packageReleaseResources
> Task :react-native-community_slider:parseReleaseLocalResources
> Task :react-native-community_slider:generateReleaseRFile
> Task :react-native-community_slider:javaPreCompileRelease

> Task :react-native-community_slider:compileReleaseJavaWithJavac
Note: Some input files use or override a deprecated API.
Note: Recompile with -Xlint:deprecation for details.

> Task :react-native-community_slider:bundleLibRuntimeToDirRelease
> Task :sentry_react-native:generateReleaseBuildConfig
> Task :sentry_react-native:generateReleaseResValues
> Task :sentry_react-native:generateReleaseResources
> Task :sentry_react-native:packageReleaseResources
> Task :sentry_react-native:parseReleaseLocalResources
> Task :sentry_react-native:generateReleaseRFile
> Task :sentry_react-native:javaPreCompileRelease
> Task :expo-modules-core:compileReleaseKotlin

> Task :sentry_react-native:compileReleaseJavaWithJavac
Note: Some input files use or override a deprecated API.
Note: Recompile with -Xlint:deprecation for details.

> Task :sentry_react-native:bundleLibRuntimeToDirRelease
> Task :shopify_react-native-skia:generateReleaseBuildConfig
> Task :shopify_react-native-skia:generateReleaseResValues
> Task :shopify_react-native-skia:generateReleaseResources
> Task :shopify_react-native-skia:packageReleaseResources
> Task :shopify_react-native-skia:parseReleaseLocalResources
> Task :shopify_react-native-skia:generateReleaseRFile
> Task :shopify_react-native-skia:javaPreCompileRelease

> Task :shopify_react-native-skia:compileReleaseJavaWithJavac
Note: Some input files use or override a deprecated API.
Note: Recompile with -Xlint:deprecation for details.
Note: Some input files use unchecked or unsafe operations.
Note: Recompile with -Xlint:unchecked for details.

> Task :shopify_react-native-skia:bundleLibRuntimeToDirRelease
> Task :react-native-purchases:checkKotlinGradlePluginConfigurationErrors SKIPPED
> Task :react-native-purchases:generateReleaseBuildConfig
> Task :react-native-purchases:generateReleaseResValues
> Task :react-native-purchases:generateReleaseResources
> Task :react-native-purchases:packageReleaseResources
> Task :react-native-purchases:parseReleaseLocalResources
> Task :react-native-purchases:generateReleaseRFile
> Task :react-native-purchases:compileReleaseKotlin
> Task :react-native-purchases:javaPreCompileRelease

> Task :react-native-purchases:compileReleaseJavaWithJavac
/home/mikhail/.openclaw/workspace/TalkingMirror/node_modules/react-native-purchases/android/src/main/java/com/revenuecat/purchases/react/RNPurchasesModule.java:70: warning: [removal] onCatalystInstanceDestroy() in NativeModule has been deprecated and marked for removal
    public void onCatalystInstanceDestroy() {
                ^
Note: Some input files use or override a deprecated API.
Note: Recompile with -Xlint:deprecation for details.
Note: /home/mikhail/.openclaw/workspace/TalkingMirror/node_modules/react-native-purchases/android/src/main/java/com/revenuecat/purchases/react/RNPurchasesModule.java uses unchecked or unsafe operations.
Note: Recompile with -Xlint:unchecked for details.
1 warning

> Task :react-native-purchases:bundleLibRuntimeToDirRelease
> Task :react-native-worklets-core:generateReleaseBuildConfig
> Task :react-native-worklets-core:generateReleaseResValues
> Task :react-native-worklets-core:generateReleaseResources
> Task :react-native-worklets-core:packageReleaseResources
> Task :react-native-worklets-core:parseReleaseLocalResources
> Task :react-native-worklets-core:generateReleaseRFile
> Task :react-native-worklets-core:javaPreCompileRelease

> Task :react-native-worklets-core:compileReleaseJavaWithJavac
Note: Some input files use or override a deprecated API.
Note: Recompile with -Xlint:deprecation for details.

> Task :react-native-worklets-core:bundleLibRuntimeToDirRelease
> Task :react-native-masked-view_masked-view:generateReleaseBuildConfig
> Task :react-native-masked-view_masked-view:generateReleaseResValues
> Task :react-native-masked-view_masked-view:generateReleaseResources
> Task :react-native-masked-view_masked-view:packageReleaseResources
> Task :react-native-masked-view_masked-view:parseReleaseLocalResources
> Task :react-native-masked-view_masked-view:generateReleaseRFile
> Task :react-native-masked-view_masked-view:javaPreCompileRelease

> Task :react-native-masked-view_masked-view:compileReleaseJavaWithJavac
Note: /home/mikhail/.openclaw/workspace/TalkingMirror/node_modules/@react-native-masked-view/masked-view/android/src/main/java/org/reactnative/maskedview/RNCMaskedViewPackage.java uses or overrides a deprecated API.
Note: Recompile with -Xlint:deprecation for details.

> Task :react-native-masked-view_masked-view:bundleLibRuntimeToDirRelease

> Task :expo-modules-core:compileReleaseKotlin
w: file:///home/mikhail/.openclaw/workspace/TalkingMirror/node_modules/expo-modules-core/android/src/main/java/expo/modules/apploader/AppLoaderProvider.kt:34:52 Unchecked cast of 'Class<*>!' to 'Class<out HeadlessAppLoader>'.
w: file:///home/mikhail/.openclaw/workspace/TalkingMirror/node_modules/expo-modules-core/android/src/main/java/expo/modules/kotlin/AppContext.kt:14:8 'class UIManagerModule : ReactContextBaseJavaModule, LifecycleEventListener, UIManager' is deprecated. Deprecated in Java.
w: file:///home/mikhail/.openclaw/workspace/TalkingMirror/node_modules/expo-modules-core/android/src/main/java/expo/modules/kotlin/AppContext.kt:22:8 'typealias ErrorManagerModule = JSLoggerModule' is deprecated. Use JSLoggerModule instead.
w: file:///home/mikhail/.openclaw/workspace/TalkingMirror/node_modules/expo-modules-core/android/src/main/java/expo/modules/kotlin/AppContext.kt:61:13 'val hostingRuntimeContext: MainRuntime' is deprecated. Use AppContext.runtimeContext instead.
w: file:///home/mikhail/.openclaw/workspace/TalkingMirror/node_modules/expo-modules-core/android/src/main/java/expo/modules/kotlin/AppContext.kt:271:21 'typealias ErrorManagerModule = JSLoggerModule' is deprecated. Use JSLoggerModule instead.
w: file:///home/mikhail/.openclaw/workspace/TalkingMirror/node_modules/expo-modules-core/android/src/main/java/expo/modules/kotlin/AppContext.kt:380:21 'val DEFAULT: Int' is deprecated. UIManagerType.DEFAULT will be deleted in the next release of React Native. Use [LEGACY] instead.
w: file:///home/mikhail/.openclaw/workspace/TalkingMirror/node_modules/expo-modules-core/android/src/main/java/expo/modules/kotlin/AppContext.kt:381:10 'class UIManagerModule : ReactContextBaseJavaModule, LifecycleEventListener, UIManager' is deprecated. Deprecated in Java.
w: file:///home/mikhail/.openclaw/workspace/TalkingMirror/node_modules/expo-modules-core/android/src/main/java/expo/modules/kotlin/defaultmodules/NativeModulesProxyModule.kt:16:5 'fun Constants(legacyConstantsProvider: () -> Map<String, Any?>): Unit' is deprecated. Use `Constant` or `Property` instead.
w: file:///home/mikhail/.openclaw/workspace/TalkingMirror/node_modules/expo-modules-core/android/src/main/java/expo/modules/kotlin/events/KModuleEventEmitterWrapper.kt:99:21 'fun getEventDispatcherForReactTag(context: ReactContext, reactTag: Int): EventDispatcher?' is deprecated. reactTag is no longer needed.
w: file:///home/mikhail/.openclaw/workspace/TalkingMirror/node_modules/expo-modules-core/android/src/main/java/expo/modules/kotlin/events/KModuleEventEmitterWrapper.kt:108:21 'fun getEventDispatcherForReactTag(context: ReactContext, reactTag: Int): EventDispatcher?' is deprecated. reactTag is no longer needed.
w: file:///home/mikhail/.openclaw/workspace/TalkingMirror/node_modules/expo-modules-core/android/src/main/java/expo/modules/kotlin/views/ViewDefinitionBuilder.kt:470:16 'val errorManager: JSLoggerModule?' is deprecated. Use AppContext.jsLogger instead.
w: file:///home/mikhail/.openclaw/workspace/TalkingMirror/node_modules/expo-modules-core/android/src/main/java/expo/modules/kotlin/views/ViewDefinitionBuilder.kt:470:30 'fun reportExceptionToLogBox(codedException: CodedException): Unit' is deprecated. Use appContext.jsLogger.error(...) instead.
w: file:///home/mikhail/.openclaw/workspace/TalkingMirror/node_modules/expo-modules-core/android/src/main/java/expo/modules/kotlin/views/ViewManagerDefinition.kt:41:16 'val errorManager: JSLoggerModule?' is deprecated. Use AppContext.jsLogger instead.
w: file:///home/mikhail/.openclaw/workspace/TalkingMirror/node_modules/expo-modules-core/android/src/main/java/expo/modules/kotlin/views/ViewManagerDefinition.kt:41:30 'fun reportExceptionToLogBox(codedException: CodedException): Unit' is deprecated. Use appContext.jsLogger.error(...) instead.

> Task :app:checkReleaseDuplicateClasses

> Task :expo-modules-core:compileReleaseJavaWithJavac
Note: Some input files use or override a deprecated API.
Note: Recompile with -Xlint:deprecation for details.

> Task :expo-modules-core:bundleLibCompileToJarRelease
> Task :expo-modules-core:bundleLibRuntimeToDirRelease
> Task :expo-dev-client:compileReleaseKotlin NO-SOURCE
> Task :expo-dev-client:compileReleaseJavaWithJavac
> Task :expo-dev-client:bundleLibCompileToJarRelease

> Task :expo-constants:compileReleaseKotlin
w: file:///home/mikhail/.openclaw/workspace/TalkingMirror/node_modules/expo-constants/android/src/main/java/expo/modules/constants/ConstantsModule.kt:13:5 'fun Constants(legacyConstantsProvider: () -> Map<String, Any?>): Unit' is deprecated. Use `Constant` or `Property` instead.

> Task :expo-constants:compileReleaseJavaWithJavac
> Task :expo-constants:bundleLibCompileToJarRelease

> Task :expo-dev-launcher:compileReleaseKotlin
w: file:///home/mikhail/.openclaw/workspace/TalkingMirror/node_modules/expo-dev-launcher/android/src/main/java/expo/modules/devlauncher/DevLauncherPackage.kt:15:16 This declaration overrides a deprecated member but is not marked as deprecated itself. Add the '@Deprecated' annotation or suppress the diagnostic.

> Task :expo-dev-menu:compileReleaseKotlin
> Task :expo-dev-launcher:compileReleaseJavaWithJavac
> Task :expo-dev-launcher:bundleLibCompileToJarRelease
> Task :expo-dev-menu:compileReleaseJavaWithJavac
> Task :expo-dev-menu:bundleLibCompileToJarRelease
> Task :expo-dev-menu-interface:compileReleaseKotlin NO-SOURCE
> Task :expo-dev-menu-interface:compileReleaseJavaWithJavac
> Task :expo-dev-menu-interface:bundleLibCompileToJarRelease
> Task :expo-json-utils:compileReleaseKotlin
> Task :expo-json-utils:compileReleaseJavaWithJavac
> Task :expo-json-utils:bundleLibCompileToJarRelease
The message received from the daemon indicates that the daemon has disappeared.
Build request sent: Build{id=127281c7-f9a6-46ff-abed-989770d50a1d, currentDir=/home/mikhail/.openclaw/workspace/TalkingMirror/apps/android/android}
Attempting to read last messages from the daemon log...
Daemon pid: 150614
  log file: /home/mikhail/.gradle/daemon/9.3.1/daemon-150614.out.log
----- Last 20 lines from daemon log file - daemon-150614.out.log -----
Note: /home/mikhail/.openclaw/workspace/TalkingMirror/node_modules/@react-native-masked-view/masked-view/android/src/main/java/org/reactnative/maskedview/RNCMaskedViewPackage.java uses or overrides a deprecated API.
Note: Recompile with -Xlint:deprecation for details.
w: file:///home/mikhail/.openclaw/workspace/TalkingMirror/node_modules/expo-modules-core/android/src/main/java/expo/modules/apploader/AppLoaderProvider.kt:34:52 Unchecked cast of 'Class<*>!' to 'Class<out HeadlessAppLoader>'.
w: file:///home/mikhail/.openclaw/workspace/TalkingMirror/node_modules/expo-modules-core/android/src/main/java/expo/modules/kotlin/AppContext.kt:14:8 'class UIManagerModule : ReactContextBaseJavaModule, LifecycleEventListener, UIManager' is deprecated. Deprecated in Java.
w: file:///home/mikhail/.openclaw/workspace/TalkingMirror/node_modules/expo-modules-core/android/src/main/java/expo/modules/kotlin/AppContext.kt:22:8 'typealias ErrorManagerModule = JSLoggerModule' is deprecated. Use JSLoggerModule instead.
w: file:///home/mikhail/.openclaw/workspace/TalkingMirror/node_modules/expo-modules-core/android/src/main/java/expo/modules/kotlin/AppContext.kt:61:13 'val hostingRuntimeContext: MainRuntime' is deprecated. Use AppContext.runtimeContext instead.
w: file:///home/mikhail/.openclaw/workspace/TalkingMirror/node_modules/expo-modules-core/android/src/main/java/expo/modules/kotlin/AppContext.kt:271:21 'typealias ErrorManagerModule = JSLoggerModule' is deprecated. Use JSLoggerModule instead.
w: file:///home/mikhail/.openclaw/workspace/TalkingMirror/node_modules/expo-modules-core/android/src/main/java/expo/modules/kotlin/AppContext.kt:380:21 'val DEFAULT: Int' is deprecated. UIManagerType.DEFAULT will be deleted in the next release of React Native. Use [LEGACY] instead.
w: file:///home/mikhail/.openclaw/workspace/TalkingMirror/node_modules/expo-modules-core/android/src/main/java/expo/modules/kotlin/AppContext.kt:381:10 'class UIManagerModule : ReactContextBaseJavaModule, LifecycleEventListener, UIManager' is deprecated. Deprecated in Java.
w: file:///home/mikhail/.openclaw/workspace/TalkingMirror/node_modules/expo-modules-core/android/src/main/java/expo/modules/kotlin/defaultmodules/NativeModulesProxyModule.kt:16:5 'fun Constants(legacyConstantsProvider: () -> Map<String, Any?>): Unit' is deprecated. Use `Constant` or `Property` instead.
w: file:///home/mikhail/.openclaw/workspace/TalkingMirror/node_modules/expo-modules-core/android/src/main/java/expo/modules/kotlin/events/KModuleEventEmitterWrapper.kt:99:21 'fun getEventDispatcherForReactTag(context: ReactContext, reactTag: Int): EventDispatcher?' is deprecated. reactTag is no longer needed.
w: file:///home/mikhail/.openclaw/workspace/TalkingMirror/node_modules/expo-modules-core/android/src/main/java/expo/modules/kotlin/events/KModuleEventEmitterWrapper.kt:108:21 'fun getEventDispatcherForReactTag(context: ReactContext, reactTag: Int): EventDispatcher?' is deprecated. reactTag is no longer needed.
w: file:///home/mikhail/.openclaw/workspace/TalkingMirror/node_modules/expo-modules-core/android/src/main/java/expo/modules/kotlin/views/ViewDefinitionBuilder.kt:470:16 'val errorManager: JSLoggerModule?' is deprecated. Use AppContext.jsLogger instead.
w: file:///home/mikhail/.openclaw/workspace/TalkingMirror/node_modules/expo-modules-core/android/src/main/java/expo/modules/kotlin/views/ViewDefinitionBuilder.kt:470:30 'fun reportExceptionToLogBox(codedException: CodedException): Unit' is deprecated. Use appContext.jsLogger.error(...) instead.
w: file:///home/mikhail/.openclaw/workspace/TalkingMirror/node_modules/expo-modules-core/android/src/main/java/expo/modules/kotlin/views/ViewManagerDefinition.kt:41:16 'val errorManager: JSLoggerModule?' is deprecated. Use AppContext.jsLogger instead.
w: file:///home/mikhail/.openclaw/workspace/TalkingMirror/node_modules/expo-modules-core/android/src/main/java/expo/modules/kotlin/views/ViewManagerDefinition.kt:41:30 'fun reportExceptionToLogBox(codedException: CodedException): Unit' is deprecated. Use appContext.jsLogger.error(...) instead.
Note: Some input files use or override a deprecated API.
Note: Recompile with -Xlint:deprecation for details.
w: file:///home/mikhail/.openclaw/workspace/TalkingMirror/node_modules/expo-constants/android/src/main/java/expo/modules/constants/ConstantsModule.kt:13:5 'fun Constants(legacyConstantsProvider: () -> Map<String, Any?>): Unit' is deprecated. Use `Constant` or `Property` instead.
w: file:///home/mikhail/.openclaw/workspace/TalkingMirror/node_modules/expo-dev-launcher/android/src/main/java/expo/modules/devlauncher/DevLauncherPackage.kt:15:16 This declaration overrides a deprecated member but is not marked as deprecated itself. Add the '@Deprecated' annotation or suppress the diagnostic.----- End of the daemon log -----


FAILURE: Build failed with an exception.

* What went wrong:
Gradle build daemon disappeared unexpectedly (it may have been killed or may have crashed)

* Try:
> Run with --stacktrace option to get the stack trace.
> Run with --info or --debug option to get more log output.
> Run with --scan to get full insights from a Build Scan (powered by Develocity).
> Get more help at https://help.gradle.org.
> Task :expo-log-box:compileReleaseKotlin
=== Build finished at Sun Jun 14 03:19:17 PM UTC 2026 ===
NO APK
